Archive member included to satisfy reference by file (symbol)

/home/osboxes/SJSU-Dev2/tools/gcc-arm-none-eabi-7-2017-q4-major/bin/../lib/gcc/arm-none-eabi/7.2.1/../../../../arm-none-eabi/lib/thumb/v7e-m/fpv4-sp/hard/libstdc++_nano.a(guard.o)
                              build/application/compiled//home/osboxes/SJSU-Dev2/firmware/library/L3_Application/task_scheduler.cpp.o (__cxa_guard_acquire)
/home/osboxes/SJSU-Dev2/tools/gcc-arm-none-eabi-7-2017-q4-major/bin/../lib/gcc/arm-none-eabi/7.2.1/../../../../arm-none-eabi/lib/thumb/v7e-m/fpv4-sp/hard/libstdc++_nano.a(pure.o)
                              build/application/compiled/source/main1.cpp.o (__cxa_pure_virtual)
/home/osboxes/SJSU-Dev2/tools/gcc-arm-none-eabi-7-2017-q4-major/bin/../lib/gcc/arm-none-eabi/7.2.1/../../../../arm-none-eabi/lib/thumb/v7e-m/fpv4-sp/hard/libstdc++_nano.a(eh_terminate.o)
                              /home/osboxes/SJSU-Dev2/tools/gcc-arm-none-eabi-7-2017-q4-major/bin/../lib/gcc/arm-none-eabi/7.2.1/../../../../arm-none-eabi/lib/thumb/v7e-m/fpv4-sp/hard/libstdc++_nano.a(pure.o) (std::terminate())
/home/osboxes/SJSU-Dev2/tools/gcc-arm-none-eabi-7-2017-q4-major/bin/../lib/gcc/arm-none-eabi/7.2.1/../../../../arm-none-eabi/lib/thumb/v7e-m/fpv4-sp/hard/libstdc++_nano.a(eh_term_handler.o)
                              /home/osboxes/SJSU-Dev2/tools/gcc-arm-none-eabi-7-2017-q4-major/bin/../lib/gcc/arm-none-eabi/7.2.1/../../../../arm-none-eabi/lib/thumb/v7e-m/fpv4-sp/hard/libstdc++_nano.a(eh_terminate.o) (__cxxabiv1::__terminate_handler)
/home/osboxes/SJSU-Dev2/tools/gcc-arm-none-eabi-7-2017-q4-major/bin/../lib/gcc/arm-none-eabi/7.2.1/../../../../arm-none-eabi/lib/thumb/v7e-m/fpv4-sp/hard/libstdc++_nano.a(eh_unex_handler.o)
                              /home/osboxes/SJSU-Dev2/tools/gcc-arm-none-eabi-7-2017-q4-major/bin/../lib/gcc/arm-none-eabi/7.2.1/../../../../arm-none-eabi/lib/thumb/v7e-m/fpv4-sp/hard/libstdc++_nano.a(eh_terminate.o) (__cxxabiv1::__unexpected_handler)
/home/osboxes/SJSU-Dev2/tools/gcc-arm-none-eabi-7-2017-q4-major/bin/../lib/gcc/arm-none-eabi/7.2.1/../../../../arm-none-eabi/lib/thumb/v7e-m/fpv4-sp/hard/libm.a(lib_a-sf_round.o)
                              build/application/compiled//home/osboxes/SJSU-Dev2/firmware/library/L0_LowLevel/startup.cpp.o (roundf)
/home/osboxes/SJSU-Dev2/tools/gcc-arm-none-eabi-7-2017-q4-major/bin/../lib/gcc/arm-none-eabi/7.2.1/thumb/v7e-m/fpv4-sp/hard/libgcc.a(_arm_truncdfsf2.o)
                              build/application/compiled//home/osboxes/SJSU-Dev2/firmware/library/third_party/printf/printf.cpp.o (__aeabi_d2f)
/home/osboxes/SJSU-Dev2/tools/gcc-arm-none-eabi-7-2017-q4-major/bin/../lib/gcc/arm-none-eabi/7.2.1/thumb/v7e-m/fpv4-sp/hard/libgcc.a(_aeabi_uldivmod.o)
                              build/application/compiled/source/MP3Decoder.cpp.o (__aeabi_uldivmod)
/home/osboxes/SJSU-Dev2/tools/gcc-arm-none-eabi-7-2017-q4-major/bin/../lib/gcc/arm-none-eabi/7.2.1/thumb/v7e-m/fpv4-sp/hard/libgcc.a(_udivmoddi4.o)
                              /home/osboxes/SJSU-Dev2/tools/gcc-arm-none-eabi-7-2017-q4-major/bin/../lib/gcc/arm-none-eabi/7.2.1/thumb/v7e-m/fpv4-sp/hard/libgcc.a(_aeabi_uldivmod.o) (__udivmoddi4)
/home/osboxes/SJSU-Dev2/tools/gcc-arm-none-eabi-7-2017-q4-major/bin/../lib/gcc/arm-none-eabi/7.2.1/thumb/v7e-m/fpv4-sp/hard/libgcc.a(_dvmd_tls.o)
                              /home/osboxes/SJSU-Dev2/tools/gcc-arm-none-eabi-7-2017-q4-major/bin/../lib/gcc/arm-none-eabi/7.2.1/thumb/v7e-m/fpv4-sp/hard/libgcc.a(_aeabi_uldivmod.o) (__aeabi_ldiv0)
/home/osboxes/SJSU-Dev2/tools/gcc-arm-none-eabi-7-2017-q4-major/bin/../lib/gcc/arm-none-eabi/7.2.1/../../../../arm-none-eabi/lib/thumb/v7e-m/fpv4-sp/hard/libg_nano.a(lib_a-abort.o)
                              /home/osboxes/SJSU-Dev2/tools/gcc-arm-none-eabi-7-2017-q4-major/bin/../lib/gcc/arm-none-eabi/7.2.1/../../../../arm-none-eabi/lib/thumb/v7e-m/fpv4-sp/hard/libstdc++_nano.a(eh_terminate.o) (abort)
/home/osboxes/SJSU-Dev2/tools/gcc-arm-none-eabi-7-2017-q4-major/bin/../lib/gcc/arm-none-eabi/7.2.1/../../../../arm-none-eabi/lib/thumb/v7e-m/fpv4-sp/hard/libg_nano.a(lib_a-exit.o)
                              /home/osboxes/SJSU-Dev2/tools/gcc-arm-none-eabi-7-2017-q4-major/bin/../lib/gcc/arm-none-eabi/7.2.1/../../../../arm-none-eabi/lib/thumb/v7e-m/fpv4-sp/hard/crt0.o (exit)
/home/osboxes/SJSU-Dev2/tools/gcc-arm-none-eabi-7-2017-q4-major/bin/../lib/gcc/arm-none-eabi/7.2.1/../../../../arm-none-eabi/lib/thumb/v7e-m/fpv4-sp/hard/libg_nano.a(lib_a-impure.o)
                              /home/osboxes/SJSU-Dev2/tools/gcc-arm-none-eabi-7-2017-q4-major/bin/../lib/gcc/arm-none-eabi/7.2.1/../../../../arm-none-eabi/lib/thumb/v7e-m/fpv4-sp/hard/libg_nano.a(lib_a-exit.o) (_global_impure_ptr)
/home/osboxes/SJSU-Dev2/tools/gcc-arm-none-eabi-7-2017-q4-major/bin/../lib/gcc/arm-none-eabi/7.2.1/../../../../arm-none-eabi/lib/thumb/v7e-m/fpv4-sp/hard/libg_nano.a(lib_a-init.o)
[...]
Memory Configuration

Name             Origin             Length             Attributes
MFlash512        0x0000000000010000 0x0000000000070000 xr
RamLoc64         0x0000000010000000 0x0000000000010000 xrw
RamPeriph32      0x0000000020000000 0x0000000000008000 xrw
*default*        0x0000000000000000 0xffffffffffffffff

Linker script and memory map

LOAD /home/osboxes/SJSU-Dev2/tools/gcc-arm-none-eabi-7-2017-q4-major/bin/../lib/gcc/arm-none-eabi/7.2.1/thumb/v7e-m/fpv4-sp/hard/crti.o
LOAD /home/osboxes/SJSU-Dev2/tools/gcc-arm-none-eabi-7-2017-q4-major/bin/../lib/gcc/arm-none-eabi/7.2.1/thumb/v7e-m/fpv4-sp/hard/crtbegin.o
LOAD /home/osboxes/SJSU-Dev2/tools/gcc-arm-none-eabi-7-2017-q4-major/bin/../lib/gcc/arm-none-eabi/7.2.1/../../../../arm-none-eabi/lib/thumb/v7e-m/fpv4-sp/hard/crt0.o
LOAD build/application/compiled/source/MP3Decoder.cpp.o
LOAD build/application/compiled/source/LabSPI.cpp.o
LOAD build/application/compiled/source/main1.cpp.o
LOAD build/application/compiled/source/LabGPIO.cpp.o
LOAD build/application/compiled/source/main.cpp.o
LOAD build/application/compiled//home/osboxes/SJSU-Dev2/firmware/library/L0_LowLevel/startup.cpp.o
LOAD build/application/compiled//home/osboxes/SJSU-Dev2/firmware/library/L0_LowLevel/interrupt.cpp.o
LOAD build/application/compiled//home/osboxes/SJSU-Dev2/firmware/library/L3_Application/task_scheduler.cpp.o
LOAD build/application/compiled//home/osboxes/SJSU-Dev2/firmware/library/newlib/newlib.cpp.o
LOAD build/application/compiled//home/osboxes/SJSU-Dev2/firmware/library/newlib/scanf.cpp.o
LOAD build/application/compiled//home/osboxes/SJSU-Dev2/firmware/library/third_party/FreeRTOS/Source/timers.c.o
LOAD build/application/compiled//home/osboxes/SJSU-Dev2/firmware/library/third_party/FreeRTOS/Source/event_groups.c.o
LOAD build/application/compiled//home/osboxes/SJSU-Dev2/firmware/library/third_party/FreeRTOS/Source/stream_buffer.c.o
LOAD build/application/compiled//home/osboxes/SJSU-Dev2/firmware/library/third_party/FreeRTOS/Source/list.c.o
LOAD build/application/compiled//home/osboxes/SJSU-Dev2/firmware/library/third_party/FreeRTOS/Source/croutine.c.o
LOAD build/application/compiled//home/osboxes/SJSU-Dev2/firmware/library/third_party/FreeRTOS/Source/tasks.c.o
LOAD build/application/compiled//home/osboxes/SJSU-Dev2/firmware/library/third_party/FreeRTOS/Source/queue.c.o
LOAD build/application/compiled//home/osboxes/SJSU-Dev2/firmware/library/third_party/FreeRTOS/Source/portable/GCC/ARM_CM4F/port.c.o
LOAD build/application/compiled//home/osboxes/SJSU-Dev2/firmware/library/third_party/FreeRTOS/Source/portable/MemMang/heap_3.c.o
LOAD build/application/compiled//home/osboxes/SJSU-Dev2/firmware/library/third_party/microrl/microrl.cpp.o
LOAD build/application/compiled//home/osboxes/SJSU-Dev2/firmware/library/third_party/printf/printf.cpp.o
LOAD build/application/compiled//home/osboxes/SJSU-Dev2/firmware/library/third_party/fatfs/source/diskio.cpp.o
LOAD build/application/compiled//home/osboxes/SJSU-Dev2/firmware/library/third_party/fatfs/source/ff.c.o
LOAD build/application/compiled//home/osboxes/SJSU-Dev2/firmware/library/third_party/fatfs/source/ffsystem.c.o
LOAD build/application/compiled//home/osboxes/SJSU-Dev2/firmware/library/third_party/fatfs/source/ffunicode.c.o
LOAD /home/osboxes/SJSU-Dev2/tools/gcc-arm-none-eabi-7-2017-q4-major/bin/../lib/gcc/arm-none-eabi/7.2.1/../../../../arm-none-eabi/lib/thumb/v7e-m/fpv4-sp/hard/libstdc++_nano.a
LOAD /home/osboxes/SJSU-Dev2/tools/gcc-arm-none-eabi-7-2017-q4-major/bin/../lib/gcc/arm-none-eabi/7.2.1/../../../../arm-none-eabi/lib/thumb/v7e-m/fpv4-sp/hard/libm.a
START GROUP
LOAD /home/osboxes/SJSU-Dev2/tools/gcc-arm-none-eabi-7-2017-q4-major/bin/../lib/gcc/arm-none-eabi/7.2.1/thumb/v7e-m/fpv4-sp/hard/libgcc.a
LOAD /home/osboxes/SJSU-Dev2/tools/gcc-arm-none-eabi-7-2017-q4-major/bin/../lib/gcc/arm-none-eabi/7.2.1/../../../../arm-none-eabi/lib/thumb/v7e-m/fpv4-sp/hard/libg_nano.a
LOAD /home/osboxes/SJSU-Dev2/tools/gcc-arm-none-eabi-7-2017-q4-major/bin/../lib/gcc/arm-none-eabi/7.2.1/../../../../arm-none-eabi/lib/thumb/v7e-m/fpv4-sp/hard/libc_nano.a
END GROUP
START GROUP
LOAD /home/osboxes/SJSU-Dev2/tools/gcc-arm-none-eabi-7-2017-q4-major/bin/../lib/gcc/arm-none-eabi/7.2.1/thumb/v7e-m/fpv4-sp/hard/libgcc.a
LOAD /home/osboxes/SJSU-Dev2/tools/gcc-arm-none-eabi-7-2017-q4-major/bin/../lib/gcc/arm-none-eabi/7.2.1/../../../../arm-none-eabi/lib/thumb/v7e-m/fpv4-sp/hard/libc_nano.a
END GROUP
LOAD /home/osboxes/SJSU-Dev2/tools/gcc-arm-none-eabi-7-2017-q4-major/bin/../lib/gcc/arm-none-eabi/7.2.1/thumb/v7e-m/fpv4-sp/hard/crtend.o
LOAD /home/osboxes/SJSU-Dev2/tools/gcc-arm-none-eabi-7-2017-q4-major/bin/../lib/gcc/arm-none-eabi/7.2.1/thumb/v7e-m/fpv4-sp/hard/crtn.o
                0x0000000000000000                __base_MFlash512 = 0x0
                0x0000000000000000                __base_Flash = 0x0
                0x0000000000080000                __top_MFlash512 = 0x80000
                0x0000000000080000                __top_Flash = 0x80000
                0x0000000010000000                __base_RamLoc64 = 0x10000000
                0x0000000010000000                __base_RAM = 0x10000000
                0x0000000010010000                __top_RamLoc64 = 0x10010000
                0x0000000010010000                __top_RAM = 0x10010000
                0x0000000020000000                __base_RamPeriph32 = 0x20000000
                0x0000000020000000                __base_RAM2 = 0x20000000
                0x0000000020008000                __top_RamPeriph32 = 0x20008000
                0x0000000020008000                __top_RAM2 = 0x20008000
                0x0000000020000000                __user_heap_base = __base_RAM2

.text           0x0000000000010000     0xf59c
 FILL mask 0xff
                0x0000000000010000                __vectors_start__ = ABSOLUTE (.)
 *(.isr_vector)
 .isr_vector    0x0000000000010000       0xe4 build/application/compiled//home/osboxes/SJSU-Dev2/firmware/library/L0_LowLevel/interrupt.cpp.o
                0x00000000000100e4                . = ALIGN (0x4)
                0x00000000000100e4                section_table_start = .
                0x00000000000100e4                data_section_table = .
                0x00000000000100e4        0x4 LONG 0x1f5a4 LOADADDR (.data)
                0x00000000000100e8        0x4 LONG 0x10000000 ADDR (.data)
                0x00000000000100ec        0x4 LONG 0x6bc SIZEOF (.data)
                0x00000000000100f0        0x4 LONG 0x1f5a4 LOADADDR (.data_RAM2)
                0x00000000000100f4        0x4 LONG 0x20000000 ADDR (.data_RAM2)
                0x00000000000100f8        0x4 LONG 0x0 SIZEOF (.data_RAM2)
                0x00000000000100fc                data_section_table_end = .
                0x00000000000100fc                bss_section_table = .
                0x00000000000100fc        0x4 LONG 0x100006c0 ADDR (.bss)
                0x0000000000010100        0x4 LONG 0x2d44 SIZEOF (.bss)
                0x0000000000010104        0x4 LONG 0x20000000 ADDR (.bss_RAM2)
                0x0000000000010108        0x4 LONG 0x0 SIZEOF (.bss_RAM2)
                0x000000000001010c                bss_section_table_end = .
                0x000000000001010c                section_table_end = .
 *(.after_vectors*)
 .after_vectors
                0x000000000001010c      0x10c build/application/compiled//home/osboxes/SJSU-Dev2/firmware/library/L0_LowLevel/startup.cpp.o
                0x000000000001010c                InitDataSection()
                0x000000000001019c                InitBssSection()
                0x00000000000101fc                InitFpu()
 .after_vectors
                0x0000000000010218       0x1c build/application/compiled//home/osboxes/SJSU-Dev2/firmware/library/L0_LowLevel/interrupt.cpp.o
                0x0000000000010218                HardFaultHandler
                0x00000000000002fc                . = 0x2fc
 *fill*         0x0000000000010234       0xc8 ff
                0x00000000000102fc                PROVIDE (__CRP_WORD_START__, .)
 *(.crp)
 .crp           0x00000000000102fc        0x4 build/application/compiled//home/osboxes/SJSU-Dev2/firmware/library/L0_LowLevel/startup.cpp.o
                0x0000000000010300                PROVIDE (__CRP_WORD_END__, .)
                0x0000000000000001                ASSERT (! ((__CRP_WORD_START__ == __CRP_WORD_END__)), Linker CRP Enabled, but no CRP_WORD provided within application)
                0x0000000000010300                . = ALIGN (0x4)
 *(.init)
 .init          0x0000000000010300        0x4 /home/osboxes/SJSU-Dev2/tools/gcc-arm-none-eabi-7-2017-q4-major/bin/../lib/gcc/arm-none-eabi/7.2.1/thumb/v7e-m/fpv4-sp/hard/crti.o
                0x0000000000010300                _init
 .init          0x0000000000010304        0x8 /home/osboxes/SJSU-Dev2/tools/gcc-arm-none-eabi-7-2017-q4-major/bin/../lib/gcc/arm-none-eabi/7.2.1/thumb/v7e-m/fpv4-sp/hard/crtn.o
                0x000000000001030c                . = ALIGN (0x4)
                0x000000000001030c                __preinit_array_start = .
 *(.preinit_array)
                0x000000000001030c                __preinit_array_end = .
                0x000000000001030c                . = ALIGN (0x4)
                0x000000000001030c                __init_array_start = .
 *(SORT_BY_NAME(.init_array.*))
 *(.init_array)
 .init_array    0x000000000001030c        0x4 /home/osboxes/SJSU-Dev2/tools/gcc-arm-none-eabi-7-2017-q4-major/bin/../lib/gcc/arm-none-eabi/7.2.1/thumb/v7e-m/fpv4-sp/hard/crtbegin.o
 .init_array    0x0000000000010310        0x4 build/application/compiled/source/MP3Decoder.cpp.o
 .init_array    0x0000000000010314        0x4 build/application/compiled/source/main1.cpp.o
 .init_array    0x0000000000010318        0x4 build/application/compiled//home/osboxes/SJSU-Dev2/firmware/library/L0_LowLevel/startup.cpp.o
 .init_array    0x000000000001031c        0x4 build/application/compiled//home/osboxes/SJSU-Dev2/firmware/library/third_party/fatfs/source/diskio.cpp.o
                0x0000000000010320                __init_array_end = .
 *(.fini)
 .fini          0x0000000000010320        0x4 /home/osboxes/SJSU-Dev2/tools/gcc-arm-none-eabi-7-2017-q4-major/bin/../lib/gcc/arm-none-eabi/7.2.1/thumb/v7e-m/fpv4-sp/hard/crti.o
                0x0000000000010320                _fini
 .fini          0x0000000000010324        0x8 /home/osboxes/SJSU-Dev2/tools/gcc-arm-none-eabi-7-2017-q4-major/bin/../lib/gcc/arm-none-eabi/7.2.1/thumb/v7e-m/fpv4-sp/hard/crtn.o
                0x000000000001032c                . = ALIGN (0x4)
 *crtbegin.o(.ctors)
 *(EXCLUDE_FILE(*crtend.o) .ctors)
 *(SORT_BY_NAME(.ctors.*))
 *crtend.o(.ctors)
                0x000000000001032c                . = ALIGN (0x4)
 *crtbegin.o(.dtors)
 *(EXCLUDE_FILE(*crtend.o) .dtors)
 *(SORT_BY_NAME(.dtors.*))
 *crtend.o(.dtors)
 *(.text*)
 .text          0x000000000001032c       0x40 /home/osboxes/SJSU-Dev2/tools/gcc-arm-none-eabi-7-2017-q4-major/bin/../lib/gcc/arm-none-eabi/7.2.1/thumb/v7e-m/fpv4-sp/hard/crtbegin.o
 .text._ZN7LabGPIOC2Ehh
                0x000000000001036c       0x50 build/application/compiled/source/MP3Decoder.cpp.o
                0x000000000001036c                LabGPIO::LabGPIO(unsigned char, unsigned char)
                0x000000000001036c                LabGPIO::LabGPIO(unsigned char, unsigned char)
 .text._ZN6LabSPIC2Eh
                0x00000000000103bc       0x74 build/application/compiled/source/MP3Decoder.cpp.o
                0x00000000000103bc                LabSPI::LabSPI(unsigned char)
                0x00000000000103bc                LabSPI::LabSPI(unsigned char)
 .text._ZN12_GLOBAL__N_113DefaultUptimeEv
                0x0000000000010430       0x30 build/application/compiled/source/MP3Decoder.cpp.o
 .text._Z12Millisecondsv
                0x0000000000010460       0x44 build/application/compiled/source/MP3Decoder.cpp.o
                0x0000000000010460                Milliseconds()
 .text._ZZ4WaityENKUlvE_clEv
                0x00000000000104a4       0x2c build/application/compiled/source/MP3Decoder.cpp.o
                0x00000000000104a4                Wait(unsigned long long)::{lambda()#1}::operator()() const
 .text._ZZ4WaityENUlvE_4_FUNEv
                0x00000000000104d0       0x2c build/application/compiled/source/MP3Decoder.cpp.o
                0x00000000000104d0                Wait(unsigned long long)::{lambda()#1}::_FUN()
 .text._Z4Waity
                0x00000000000104fc       0xc4 build/application/compiled/source/MP3Decoder.cpp.o
                0x00000000000104fc                Wait(unsigned long long)
 .text._Z5Delayy
                0x00000000000105c0       0x30 build/application/compiled/source/MP3Decoder.cpp.o
                0x00000000000105c0                Delay(unsigned long long)
 .text._ZN4Gpio7SetHighEv
                0x00000000000105f0       0x64 build/application/compiled/source/MP3Decoder.cpp.o
                0x00000000000105f0                Gpio::SetHigh()
 .text._ZN4Gpio6SetLowEv
                0x0000000000010654       0x64 build/application/compiled/source/MP3Decoder.cpp.o
                0x0000000000010654                Gpio::SetLow()
 .text._ZN4Gpio3SetEN13GpioInterface5StateE
                0x00000000000106b8       0x44 build/application/compiled/source/MP3Decoder.cpp.o
                0x00000000000106b8                Gpio::Set(GpioInterface::State)
 .text._ZN4util5ValueIN3Ssp10PeripheralEiEET0_T_
                0x00000000000106fc       0x2c build/application/compiled/source/MP3Decoder.cpp.o
                0x00000000000106fc                int util::Value<Ssp::Peripheral, int>(Ssp::Peripheral)
 .text._ZN3Ssp17IsTransferRegBusyEv
                0x0000000000010728       0x78 build/application/compiled/source/MP3Decoder.cpp.o
                0x0000000000010728                Ssp::IsTransferRegBusy()
 .text._ZN3Ssp8TransferEt
                0x00000000000107a0       0x6c build/application/compiled/source/MP3Decoder.cpp.o
                0x00000000000107a0                Ssp::Transfer(unsigned short)
 .text._ZN7Ssd13065WriteEmNS_11TransactionEj
                0x000000000001080c       0x90 build/application/compiled/source/MP3Decoder.cpp.o
                0x000000000001080c                Ssd1306::Write(unsigned long, Ssd1306::Transaction, unsigned int)
 .text._ZN8Graphics10InitializeEv
                0x000000000001089c       0x4c build/application/compiled/source/MP3Decoder.cpp.o
                0x000000000001089c                Graphics::Initialize()
 .text._ZN8Graphics6UpdateEv
                0x00000000000108e8       0x38 build/application/compiled/source/MP3Decoder.cpp.o
                0x00000000000108e8                Graphics::Update()
 .text._ZN8Graphics5ClearEv
                0x0000000000010920       0x38 build/application/compiled/source/MP3Decoder.cpp.o
                0x0000000000010920                Graphics::Clear()
 .text._ZN12OledTerminal10InitializeEv
                0x0000000000010958       0x4c build/application/compiled/source/MP3Decoder.cpp.o
                0x0000000000010958                OledTerminal::Initialize()
 .text._ZN11MP3_Decoder10initializeEv
                0x00000000000109a4       0xe8 build/application/compiled/source/MP3Decoder.cpp.o
                0x00000000000109a4                MP3_Decoder::initialize()
 .text._ZN11MP3_Decoder12ReadRegisterEh
                0x0000000000010a8c       0x88 build/application/compiled/source/MP3Decoder.cpp.o
                0x0000000000010a8c                MP3_Decoder::ReadRegister(unsigned char)
 .text._ZN11MP3_Decoder13WriteRegisterEht
                0x0000000000010b14       0x9c build/application/compiled/source/MP3Decoder.cpp.o
                0x0000000000010b14                MP3_Decoder::WriteRegister(unsigned char, unsigned short)
 .text._ZN11MP3_Decoder9DataWriteEPhhm
                0x0000000000010bb0       0x78 build/application/compiled/source/MP3Decoder.cpp.o
                0x0000000000010bb0                MP3_Decoder::DataWrite(unsigned char*, unsigned char, unsigned long)
 .text._ZN11MP3_Decoder9HardResetEv
                0x0000000000010c28       0x6c build/application/compiled/source/MP3Decoder.cpp.o
                0x0000000000010c28                MP3_Decoder::HardReset()
 .text._ZN11MP3_Decoder9SoftResetEv
                0x0000000000010c94       0xd4 build/application/compiled/source/MP3Decoder.cpp.o
                0x0000000000010c94                MP3_Decoder::SoftReset()
 .text._ZN11MP3_Decoder8waitDREQEv
                0x0000000000010d68       0x38 build/application/compiled/source/MP3Decoder.cpp.o
                0x0000000000010d68                MP3_Decoder::waitDREQ()
 .text._ZN11MP3_Decoder10scan_filesEPc
                0x0000000000010da0      0x104 build/application/compiled/source/MP3Decoder.cpp.o
                0x0000000000010da0                MP3_Decoder::scan_files(char*)
 .text._Z4WaitIZ4WaityEUlvE_E6StatusyT_
                0x0000000000010ea4       0xac build/application/compiled/source/MP3Decoder.cpp.o
                0x0000000000010ea4                Status Wait<Wait(unsigned long long)::{lambda()#1}>(unsigned long long, Wait(unsigned long long)::{lambda()#1})
 .text._ZN3bit4ReadImEEbT_m
                0x0000000000010f50       0x44 build/application/compiled/source/MP3Decoder.cpp.o
                0x0000000000010f50                bool bit::Read<unsigned long>(unsigned long, unsigned long)
 .text._Z41__static_initialization_and_destruction_0ii
                0x0000000000010f94      0x194 build/application/compiled/source/MP3Decoder.cpp.o
 .text._GLOBAL__sub_I_data_trans
                0x0000000000011128       0x28 build/application/compiled/source/MP3Decoder.cpp.o
 .text._ZN6LabSPI9SSPnPowerEv
                0x0000000000011150       0x64 build/application/compiled/source/LabSPI.cpp.o
                0x0000000000011150                LabSPI::SSPnPower()
 .text._ZN6LabSPI9SetClocksEh
                0x00000000000111b4       0x8c build/application/compiled/source/LabSPI.cpp.o
                0x00000000000111b4                LabSPI::SetClocks(unsigned char)
 .text._ZN6LabSPI10SetPinModeEv
                0x0000000000011240       0xa0 build/application/compiled/source/LabSPI.cpp.o
                0x0000000000011240                LabSPI::SetPinMode()
 .text._ZN6LabSPI10InitializeEhNS_10FrameModesEh
                0x00000000000112e0      0x140 build/application/compiled/source/LabSPI.cpp.o
                0x00000000000112e0                LabSPI::Initialize(unsigned char, LabSPI::FrameModes, unsigned char)
 .text._ZN6LabSPI8TransferEh
                0x0000000000011420       0x80 build/application/compiled/source/LabSPI.cpp.o
                0x0000000000011420                LabSPI::Transfer(unsigned char)
 .text._ZN5debug14PrintBacktraceEbPv
                0x00000000000114a0      0x100 build/application/compiled/source/main1.cpp.o
                0x00000000000114a0                debug::PrintBacktrace(bool, void*)
 .text._ZN25SystemControllerInterfaceC2Ev
                0x00000000000115a0       0x18 build/application/compiled/source/main1.cpp.o
                0x00000000000115a0                SystemControllerInterface::SystemControllerInterface()
                0x00000000000115a0                SystemControllerInterface::SystemControllerInterface()
 .text._ZN23Lpc40xxSystemControllerC2Ev
                0x00000000000115b8       0x24 build/application/compiled/source/main1.cpp.o
                0x00000000000115b8                Lpc40xxSystemController::Lpc40xxSystemController()
                0x00000000000115b8                Lpc40xxSystemController::Lpc40xxSystemController()
 .text._ZN23Lpc40xxSystemController17SetClockFrequencyEh
                0x00000000000115dc       0x90 build/application/compiled/source/main1.cpp.o
                0x00000000000115dc                Lpc40xxSystemController::SetClockFrequency(unsigned char)
 .text._ZN23Lpc40xxSystemController25SetPeripheralClockDividerEh
                0x000000000001166c       0x58 build/application/compiled/source/main1.cpp.o
                0x000000000001166c                Lpc40xxSystemController::SetPeripheralClockDivider(unsigned char)
 .text._ZNK23Lpc40xxSystemController25GetPeripheralClockDividerEv
                0x00000000000116c4       0x18 build/application/compiled/source/main1.cpp.o
                0x00000000000116c4                Lpc40xxSystemController::GetPeripheralClockDivider() const
 .text._ZNK23Lpc40xxSystemController18GetSystemFrequencyEv
                0x00000000000116dc       0x14 build/application/compiled/source/main1.cpp.o
                0x00000000000116dc                Lpc40xxSystemController::GetSystemFrequency() const
 .text._ZNK23Lpc40xxSystemController22GetPeripheralFrequencyEv
                0x00000000000116f0       0x3e build/application/compiled/source/main1.cpp.o
                0x00000000000116f0                Lpc40xxSystemController::GetPeripheralFrequency() const
 *fill*         0x000000000001172e        0x2 ff
 .text._ZN23Lpc40xxSystemController17PowerUpPeripheralERKN25SystemControllerInterface12PeripheralIDE
                0x0000000000011730       0x30 build/application/compiled/source/main1.cpp.o
                0x0000000000011730                Lpc40xxSystemController::PowerUpPeripheral(SystemControllerInterface::PeripheralID const&)
 .text._ZN23Lpc40xxSystemController19PowerDownPeripheralERKN25SystemControllerInterface12PeripheralIDE
                0x0000000000011760       0x30 build/application/compiled/source/main1.cpp.o
                0x0000000000011760                Lpc40xxSystemController::PowerDownPeripheral(SystemControllerInterface::PeripheralID const&)
 .text._ZN23Lpc40xxSystemController22SelectOscillatorSourceENS_16OscillatorSourceE
                0x0000000000011790       0x34 build/application/compiled/source/main1.cpp.o
                0x0000000000011790                Lpc40xxSystemController::SelectOscillatorSource(Lpc40xxSystemController::OscillatorSource)
 .text._ZN23Lpc40xxSystemController21SelectMainClockSourceENS_15MainClockSourceE
                0x00000000000117c4       0x30 build/application/compiled/source/main1.cpp.o
                0x00000000000117c4                Lpc40xxSystemController::SelectMainClockSource(Lpc40xxSystemController::MainClockSource)
 .text._ZN23Lpc40xxSystemController20SelectUsbClockSourceENS_9UsbSourceE
                0x00000000000117f4       0x30 build/application/compiled/source/main1.cpp.o
                0x00000000000117f4                Lpc40xxSystemController::SelectUsbClockSource(Lpc40xxSystemController::UsbSource)
 .text._ZN23Lpc40xxSystemController22SelectSpifiClockSourceENS_11SpifiSourceE
                0x0000000000011824       0x30 build/application/compiled/source/main1.cpp.o
                0x0000000000011824                Lpc40xxSystemController::SelectSpifiClockSource(Lpc40xxSystemController::SpifiSource)
 .text._ZN23Lpc40xxSystemController12CalculatePllENS_8PllInputEt
                0x0000000000011854      0x110 build/application/compiled/source/main1.cpp.o
                0x0000000000011854                Lpc40xxSystemController::CalculatePll(Lpc40xxSystemController::PllInput, unsigned short)
 .text._ZN23Lpc40xxSystemController10SetMainPllENS_8PllInputEt
                0x0000000000011964      0x170 build/application/compiled/source/main1.cpp.o
                0x0000000000011964                Lpc40xxSystemController::SetMainPll(Lpc40xxSystemController::PllInput, unsigned short)
 .text._ZN23Lpc40xxSystemController18SetCpuClockDividerEh
                0x0000000000011ad4       0x68 build/application/compiled/source/main1.cpp.o
                0x0000000000011ad4                Lpc40xxSystemController::SetCpuClockDivider(unsigned char)
 .text._ZN23Lpc40xxSystemController18SetEmcClockDividerENS_10EmcDividerE
                0x0000000000011b3c       0x30 build/application/compiled/source/main1.cpp.o
                0x0000000000011b3c                Lpc40xxSystemController::SetEmcClockDivider(Lpc40xxSystemController::EmcDivider)
 .text._ZN12PinInterfaceC2Ev
                0x0000000000011b6c       0x34 build/application/compiled/source/main1.cpp.o
                0x0000000000011b6c                PinInterface::PinInterface()
                0x0000000000011b6c                PinInterface::PinInterface()
 .text._ZN3PinC2Ehh
                0x0000000000011ba0       0x58 build/application/compiled/source/main1.cpp.o
                0x0000000000011ba0                Pin::Pin(unsigned char, unsigned char)
                0x0000000000011ba0                Pin::Pin(unsigned char, unsigned char)
 .text._ZN3Pin14SetPinFunctionEh
                0x0000000000011bf8       0x78 build/application/compiled/source/main1.cpp.o
                0x0000000000011bf8                Pin::SetPinFunction(unsigned char)
 .text._ZN3Pin7SetModeEN12PinInterface4ModeE
                0x0000000000011c70       0x80 build/application/compiled/source/main1.cpp.o
                0x0000000000011c70                Pin::SetMode(PinInterface::Mode)
 .text._ZN3Pin16EnableHysteresisEb
                0x0000000000011cf0       0x74 build/application/compiled/source/main1.cpp.o
                0x0000000000011cf0                Pin::EnableHysteresis(bool)
 .text._ZN3Pin14SetAsActiveLowEb
                0x0000000000011d64       0x74 build/application/compiled/source/main1.cpp.o
                0x0000000000011d64                Pin::SetAsActiveLow(bool)
 .text._ZN3Pin15SetAsAnalogModeEb
                0x0000000000011dd8       0x7c build/application/compiled/source/main1.cpp.o
                0x0000000000011dd8                Pin::SetAsAnalogMode(bool)
 .text._ZN3Pin19EnableDigitalFilterEb
                0x0000000000011e54       0x7c build/application/compiled/source/main1.cpp.o
                0x0000000000011e54                Pin::EnableDigitalFilter(bool)
 .text._ZN3Pin14EnableFastModeEb
                0x0000000000011ed0       0x74 build/application/compiled/source/main1.cpp.o
                0x0000000000011ed0                Pin::EnableFastMode(bool)
 .text._ZN3Pin22EnableI2cHighSpeedModeEb
                0x0000000000011f44       0x7c build/application/compiled/source/main1.cpp.o
                0x0000000000011f44                Pin::EnableI2cHighSpeedMode(bool)
 .text._ZN3Pin25EnableI2cHighCurrentDriveEb
                0x0000000000011fc0       0x74 build/application/compiled/source/main1.cpp.o
                0x0000000000011fc0                Pin::EnableI2cHighCurrentDrive(bool)
 .text._ZN3Pin14SetAsOpenDrainEb
                0x0000000000012034       0x74 build/application/compiled/source/main1.cpp.o
                0x0000000000012034                Pin::SetAsOpenDrain(bool)
 .text._ZN3Pin9EnableDacEb
                0x00000000000120a8       0x74 build/application/compiled/source/main1.cpp.o
                0x00000000000120a8                Pin::EnableDac(bool)
 .text._ZN3Pin8BitPlaceEmmmm
                0x000000000001211c       0x64 build/application/compiled/source/main1.cpp.o
                0x000000000001211c                Pin::BitPlace(unsigned long, unsigned long, unsigned long, unsigned long)
 .text._ZNK3Pin7GetPortEv
                0x0000000000012180       0x2c build/application/compiled/source/main1.cpp.o
                0x0000000000012180                Pin::GetPort() const
 .text._ZNK3Pin6GetPinEv
                0x00000000000121ac       0x2c build/application/compiled/source/main1.cpp.o
                0x00000000000121ac                Pin::GetPin() const
 .text._ZN4util5ValueIN14TimerInterface9TimerPortEhEET0_T_
                0x00000000000121d8       0x30 build/application/compiled/source/main1.cpp.o
                0x00000000000121d8                unsigned char util::Value<TimerInterface::TimerPort, unsigned char>(TimerInterface::TimerPort)
 .text._ZN5Timer10InitializeEmPFvvEl
                0x0000000000012208      0x134 build/application/compiled/source/main1.cpp.o
                0x0000000000012208                Timer::Initialize(unsigned long, void (*)(), long)
 .text._ZN4util5ValueIN14TimerInterface20MatchControlRegisterEhEET0_T_
                0x000000000001233c       0x30 build/application/compiled/source/main1.cpp.o
                0x000000000001233c                unsigned char util::Value<TimerInterface::MatchControlRegister, unsigned char>(TimerInterface::MatchControlRegister)
 .text._ZN5Timer8SetTimerEmN14TimerInterface17TimerIsrConditionENS0_20MatchControlRegisterE
                0x000000000001236c       0xf8 build/application/compiled/source/main1.cpp.o
                0x000000000001236c                Timer::SetTimer(unsigned long, TimerInterface::TimerIsrCondition, TimerInterface::MatchControlRegister)
 .text._ZN5Timer8GetTimerEv
                0x0000000000012464       0x3c build/application/compiled/source/main1.cpp.o
                0x0000000000012464                Timer::GetTimer()
 .text._ZN13GpioInterfaceC2Ev
                0x00000000000124a0       0x34 build/application/compiled/source/main1.cpp.o
                0x00000000000124a0                GpioInterface::GpioInterface()
                0x00000000000124a0                GpioInterface::GpioInterface()
 .text._ZN4GpioC2Ehh
                0x00000000000124d4       0x7c build/application/compiled/source/main1.cpp.o
                0x00000000000124d4                Gpio::Gpio(unsigned char, unsigned char)
                0x00000000000124d4                Gpio::Gpio(unsigned char, unsigned char)
 .text._ZN4Gpio10SetAsInputEv
                0x0000000000012550       0x7c build/application/compiled/source/main1.cpp.o
                0x0000000000012550                Gpio::SetAsInput()
 .text._ZN4Gpio11SetAsOutputEv
                0x00000000000125cc       0x7c build/application/compiled/source/main1.cpp.o
                0x00000000000125cc                Gpio::SetAsOutput()
 .text._ZN4Gpio12SetDirectionEN13GpioInterface9DirectionE
                0x0000000000012648       0x44 build/application/compiled/source/main1.cpp.o
                0x0000000000012648                Gpio::SetDirection(GpioInterface::Direction)
 .text._ZN4Gpio6ToggleEv
                0x000000000001268c       0x6c build/application/compiled/source/main1.cpp.o
                0x000000000001268c                Gpio::Toggle()
 .text._ZN4Gpio9ReadStateEv
                0x00000000000126f8       0x78 build/application/compiled/source/main1.cpp.o
                0x00000000000126f8                Gpio::ReadState()
 .text._ZN4Gpio4ReadEv
                0x0000000000012770       0x70 build/application/compiled/source/main1.cpp.o
                0x0000000000012770                Gpio::Read()
 .text._ZN4Gpio6GetPinEv
                0x00000000000127e0       0x2c build/application/compiled/source/main1.cpp.o
                0x00000000000127e0                Gpio::GetPin()
 .text._ZN4Gpio14ValidPortCheckEv
                0x000000000001280c       0x7c build/application/compiled/source/main1.cpp.o
                0x000000000001280c                Gpio::ValidPortCheck()
 .text._ZN4Gpio19SetInterruptRoutineEPFvvE
                0x0000000000012888       0x5c build/application/compiled/source/main1.cpp.o
                0x0000000000012888                Gpio::SetInterruptRoutine(void (*)())
 .text._ZN4Gpio21ClearInterruptRoutineEv
                0x00000000000128e4       0x54 build/application/compiled/source/main1.cpp.o
                0x00000000000128e4                Gpio::ClearInterruptRoutine()
 .text._ZN4util5ValueIN13GpioInterface4EdgeEhEET0_T_
                0x0000000000012938       0x30 build/application/compiled/source/main1.cpp.o
                0x0000000000012938                unsigned char util::Value<GpioInterface::Edge, unsigned char>(GpioInterface::Edge)
 .text._ZN4Gpio16SetInterruptEdgeEN13GpioInterface4EdgeE
                0x0000000000012968       0x88 build/application/compiled/source/main1.cpp.o
                0x0000000000012968                Gpio::SetInterruptEdge(GpioInterface::Edge)
 .text._ZN4Gpio18ClearInterruptEdgeEN13GpioInterface4EdgeE
                0x00000000000129f0       0x88 build/application/compiled/source/main1.cpp.o
                0x00000000000129f0                Gpio::ClearInterruptEdge(GpioInterface::Edge)
 .text._ZN4Gpio15AttachInterruptEPFvvEN13GpioInterface4EdgeE
                0x0000000000012a78       0x48 build/application/compiled/source/main1.cpp.o
                0x0000000000012a78                Gpio::AttachInterrupt(void (*)(), GpioInterface::Edge)
 .text._ZN4Gpio15DetachInterruptEv
                0x0000000000012ac0       0x40 build/application/compiled/source/main1.cpp.o
                0x0000000000012ac0                Gpio::DetachInterrupt()
 .text._ZN4Gpio13SetEdgeRisingEv
                0x0000000000012b00       0x7c build/application/compiled/source/main1.cpp.o
                0x0000000000012b00                Gpio::SetEdgeRising()
 .text._ZN4Gpio14SetEdgeFallingEv
                0x0000000000012b7c       0x7c build/application/compiled/source/main1.cpp.o
                0x0000000000012b7c                Gpio::SetEdgeFalling()
 .text._ZN4Gpio15ClearEdgeRisingEv
                0x0000000000012bf8       0x7c build/application/compiled/source/main1.cpp.o
                0x0000000000012bf8                Gpio::ClearEdgeRising()
 .text._ZN4Gpio16ClearEdgeFallingEv
                0x0000000000012c74       0x7c build/application/compiled/source/main1.cpp.o
                0x0000000000012c74                Gpio::ClearEdgeFalling()
 .text._ZN10OnBoardLed10InitializeEv
                0x0000000000012cf0       0x70 build/application/compiled/source/main1.cpp.o
                0x0000000000012cf0                OnBoardLed::Initialize()
 .text._ZN10OnBoardLed2OnEh
                0x0000000000012d60       0x80 build/application/compiled/source/main1.cpp.o
                0x0000000000012d60                OnBoardLed::On(unsigned char)
 .text._ZN10OnBoardLed3OffEh
                0x0000000000012de0       0x80 build/application/compiled/source/main1.cpp.o
                0x0000000000012de0                OnBoardLed::Off(unsigned char)
 .text._ZN10OnBoardLed3SetEhN19OnBoardLedInterface10LightStateE
                0x0000000000012e60       0x9c build/application/compiled/source/main1.cpp.o
                0x0000000000012e60                OnBoardLed::Set(unsigned char, OnBoardLedInterface::LightState)
 .text._ZN10OnBoardLed6ToggleEh
                0x0000000000012efc       0x80 build/application/compiled/source/main1.cpp.o
                0x0000000000012efc                OnBoardLed::Toggle(unsigned char)
 .text._ZN10OnBoardLed6SetAllEh
                0x0000000000012f7c       0x80 build/application/compiled/source/main1.cpp.o
                0x0000000000012f7c                OnBoardLed::SetAll(unsigned char)
 .text._ZN10OnBoardLed9GetStatesEv
                0x0000000000012ffc       0x78 build/application/compiled/source/main1.cpp.o
                0x0000000000012ffc                OnBoardLed::GetStates()
 .text._ZN12SspInterfaceC2Ev
                0x0000000000013074       0x34 build/application/compiled/source/main1.cpp.o
                0x0000000000013074                SspInterface::SspInterface()
                0x0000000000013074                SspInterface::SspInterface()
 .text._ZN12PinInterfaceC2ERKS_
                0x00000000000130a8       0x38 build/application/compiled/source/main1.cpp.o
                0x00000000000130a8                PinInterface::PinInterface(PinInterface const&)
                0x00000000000130a8                PinInterface::PinInterface(PinInterface const&)
 .text._ZN3PinC2ERKS_
                0x00000000000130e0       0x54 build/application/compiled/source/main1.cpp.o
                0x00000000000130e0                Pin::Pin(Pin const&)
                0x00000000000130e0                Pin::Pin(Pin const&)
 .text._ZN3SspC2ENS_10PeripheralE
                0x0000000000013134       0xe4 build/application/compiled/source/main1.cpp.o
                0x0000000000013134                Ssp::Ssp(Ssp::Peripheral)
                0x0000000000013134                Ssp::Ssp(Ssp::Peripheral)
 .text._ZN3Ssp10InitializeEv
                0x0000000000013218       0xe4 build/application/compiled/source/main1.cpp.o
                0x0000000000013218                Ssp::Initialize()
 .text._ZN3Ssp19SetSpiMasterDefaultEv
                0x00000000000132fc       0x5c build/application/compiled/source/main1.cpp.o
                0x00000000000132fc                Ssp::SetSpiMasterDefault()
 .text._ZN4util5ValueIN12SspInterface8DataSizeEhEET0_T_
                0x0000000000013358       0x30 build/application/compiled/source/main1.cpp.o
                0x0000000000013358                unsigned char util::Value<SspInterface::DataSize, unsigned char>(SspInterface::DataSize)
 .text._ZN4util5ValueIN12SspInterface9FrameModeEhEET0_T_
                0x0000000000013388       0x30 build/application/compiled/source/main1.cpp.o
                0x0000000000013388                unsigned char util::Value<SspInterface::FrameMode, unsigned char>(SspInterface::FrameMode)
 .text._ZN4util5ValueIN12SspInterface15MasterSlaveModeEhEET0_T_
                0x00000000000133b8       0x30 build/application/compiled/source/main1.cpp.o
                0x00000000000133b8                unsigned char util::Value<SspInterface::MasterSlaveMode, unsigned char>(SspInterface::MasterSlaveMode)
 .text._ZN3Ssp17SetPeripheralModeEN12SspInterface15MasterSlaveModeENS0_9FrameModeENS0_8DataSizeE
                0x00000000000133e8      0x20c build/application/compiled/source/main1.cpp.o
                0x00000000000133e8                Ssp::SetPeripheralMode(SspInterface::MasterSlaveMode, SspInterface::FrameMode, SspInterface::DataSize)
 .text._ZN3Ssp17GetPeripheralModeEv
                0x00000000000135f4      0x160 build/application/compiled/source/main1.cpp.o
                0x00000000000135f4                Ssp::GetPeripheralMode()
 .text._ZN3Ssp8SetClockEbbhh
                0x0000000000013754      0x1ec build/application/compiled/source/main1.cpp.o
                0x0000000000013754                Ssp::SetClock(bool, bool, unsigned char, unsigned char)
 .text._ZN3Ssp8GetClockEv
                0x0000000000013940      0x184 build/application/compiled/source/main1.cpp.o
                0x0000000000013940                Ssp::GetClock()
 .text._ZN21PixelDisplayInterface7Color_tC2Ebbbhhb
                0x0000000000013ac4       0x94 build/application/compiled/source/main1.cpp.o
                0x0000000000013ac4                PixelDisplayInterface::Color_t::Color_t(bool, bool, bool, unsigned char, unsigned char, bool)
                0x0000000000013ac4                PixelDisplayInterface::Color_t::Color_t(bool, bool, bool, unsigned char, unsigned char, bool)
 .text._ZN21PixelDisplayInterface7Color_tC2Ev
                0x0000000000013b58       0x68 build/application/compiled/source/main1.cpp.o
                0x0000000000013b58                PixelDisplayInterface::Color_t::Color_t()
                0x0000000000013b58                PixelDisplayInterface::Color_t::Color_t()
 .text._ZN21PixelDisplayInterface6EnableEv
                0x0000000000013bc0       0x28 build/application/compiled/source/main1.cpp.o
                0x0000000000013bc0                PixelDisplayInterface::Enable()
 .text._ZN21PixelDisplayInterface7DisableEv
                0x0000000000013be8       0x28 build/application/compiled/source/main1.cpp.o
                0x0000000000013be8                PixelDisplayInterface::Disable()
 .text._ZN21PixelDisplayInterface6UpdateEv
                0x0000000000013c10       0x28 build/application/compiled/source/main1.cpp.o
                0x0000000000013c10                PixelDisplayInterface::Update()
 .text._ZN21PixelDisplayInterfaceC2Ev
                0x0000000000013c38       0x34 build/application/compiled/source/main1.cpp.o
                0x0000000000013c38                PixelDisplayInterface::PixelDisplayInterface()
                0x0000000000013c38                PixelDisplayInterface::PixelDisplayInterface()
 .text._ZN7Ssd1306C2Ev
                0x0000000000013c6c       0x94 build/application/compiled/source/main1.cpp.o
                0x0000000000013c6c                Ssd1306::Ssd1306()
                0x0000000000013c6c                Ssd1306::Ssd1306()
 .text._ZN7Ssd13068GetWidthEv
                0x0000000000013d00       0x2c build/application/compiled/source/main1.cpp.o
                0x0000000000013d00                Ssd1306::GetWidth()
 .text._ZN7Ssd13069GetHeightEv
                0x0000000000013d2c       0x2c build/application/compiled/source/main1.cpp.o
                0x0000000000013d2c                Ssd1306::GetHeight()
 .text._ZN7Ssd130615AvailableColorsEv
                0x0000000000013d58       0x68 build/application/compiled/source/main1.cpp.o
                0x0000000000013d58                Ssd1306::AvailableColors()
 .text._ZN7Ssd130619InitializationPanelEv
                0x0000000000013dc0       0xf0 build/application/compiled/source/main1.cpp.o
                0x0000000000013dc0                Ssd1306::InitializationPanel()
 .text._ZN7Ssd130610InitializeEv
                0x0000000000013eb0       0x84 build/application/compiled/source/main1.cpp.o
                0x0000000000013eb0                Ssd1306::Initialize()
 .text._ZN7Ssd130624SetHorizontalAddressModeEv
                0x0000000000013f34       0x54 build/application/compiled/source/main1.cpp.o
                0x0000000000013f34                Ssd1306::SetHorizontalAddressMode()
 .text._ZN7Ssd13065ClearEv
                0x0000000000013f88       0x38 build/application/compiled/source/main1.cpp.o
                0x0000000000013f88                Ssd1306::Clear()
 .text._ZN7Ssd13069DrawPixelEllN21PixelDisplayInterface7Color_tE
                0x0000000000013fc0       0x94 build/application/compiled/source/main1.cpp.o
                0x0000000000013fc0                Ssd1306::DrawPixel(long, long, PixelDisplayInterface::Color_t)
 .text._ZN7Ssd13066UpdateEv
                0x0000000000014054       0x74 build/application/compiled/source/main1.cpp.o
                0x0000000000014054                Ssd1306::Update()
 .text._ZN8GraphicsC2EP21PixelDisplayInterface
                0x00000000000140c8       0x8c build/application/compiled/source/main1.cpp.o
                0x00000000000140c8                Graphics::Graphics(PixelDisplayInterface*)
                0x00000000000140c8                Graphics::Graphics(PixelDisplayInterface*)
 .text._ZN8Graphics13DrawCharacterEllcb
                0x0000000000014154       0xfc build/application/compiled/source/main1.cpp.o
                0x0000000000014154                Graphics::DrawCharacter(long, long, char, bool)
 .text._ZN8Graphics9DrawPixelEmm
                0x0000000000014250       0x58 build/application/compiled/source/main1.cpp.o
                0x0000000000014250                Graphics::DrawPixel(unsigned long, unsigned long)
 .text._ZN12OledTerminal6printfEPKcz
                0x00000000000142a8      0x158 build/application/compiled/source/main1.cpp.o
                0x00000000000142a8                OledTerminal::printf(char const*, ...)
 .text._ZN12OledTerminal9SetCursorEjj
                0x0000000000014400       0x48 build/application/compiled/source/main1.cpp.o
                0x0000000000014400                OledTerminal::SetCursor(unsigned int, unsigned int)
 .text._ZN12OledTerminal6UpdateEv
                0x0000000000014448       0x9c build/application/compiled/source/main1.cpp.o
                0x0000000000014448                OledTerminal::Update()
 .text._ZN12OledTerminal8ClearRowEj
                0x00000000000144e4       0x50 build/application/compiled/source/main1.cpp.o
                0x00000000000144e4                OledTerminal::ClearRow(unsigned int)
 .text._ZN12OledTerminal5ClearEv
                0x0000000000014534       0x58 build/application/compiled/source/main1.cpp.o
                0x0000000000014534                OledTerminal::Clear()
 .text._ZN12OledTerminalC2Ev
                0x000000000001458c       0x6c build/application/compiled/source/main1.cpp.o
                0x000000000001458c                OledTerminal::OledTerminal()
                0x000000000001458c                OledTerminal::OledTerminal()
 .text._ZN11MP3_DecoderC2Ev
                0x00000000000145f8       0x6c build/application/compiled/source/main1.cpp.o
                0x00000000000145f8                MP3_Decoder::MP3_Decoder()
                0x00000000000145f8                MP3_Decoder::MP3_Decoder()
 .text._Z6SW3ISRv
                0x0000000000014664       0xa8 build/application/compiled/source/main1.cpp.o
                0x0000000000014664                SW3ISR()
 .text._Z6SW2ISRv
                0x000000000001470c       0x88 build/application/compiled/source/main1.cpp.o
                0x000000000001470c                SW2ISR()
 .text._Z12timerScanISRv
                0x0000000000014794       0xf0 build/application/compiled/source/main1.cpp.o
                0x0000000000014794                timerScanISR()
 .text._Z4playPv
                0x0000000000014884      0x220 build/application/compiled/source/main1.cpp.o
                0x0000000000014884                play(void*)
 .text.main     0x0000000000014aa4      0x144 build/application/compiled/source/main1.cpp.o
                0x0000000000014aa4                main
 .text._ZN5Timer12TimerHandlerILN14TimerInterface9TimerPortE0EEEvv
                0x0000000000014be8       0x3c build/application/compiled/source/main1.cpp.o
                0x0000000000014be8                void Timer::TimerHandler<(TimerInterface::TimerPort)0>()
 .text._ZN5Timer12TimerHandlerILN14TimerInterface9TimerPortE1EEEvv
                0x0000000000014c24       0x3c build/application/compiled/source/main1.cpp.o
                0x0000000000014c24                void Timer::TimerHandler<(TimerInterface::TimerPort)1>()
 .text._ZN5Timer12TimerHandlerILN14TimerInterface9TimerPortE2EEEvv
                0x0000000000014c60       0x3c build/application/compiled/source/main1.cpp.o
                0x0000000000014c60                void Timer::TimerHandler<(TimerInterface::TimerPort)2>()
 .text._ZN5Timer12TimerHandlerILN14TimerInterface9TimerPortE3EEEvv
                0x0000000000014c9c       0x3c build/application/compiled/source/main1.cpp.o
                0x0000000000014c9c                void Timer::TimerHandler<(TimerInterface::TimerPort)3>()
 .text._ZN3bit3SetImEET_S1_m
                0x0000000000014cd8       0x3c build/application/compiled/source/main1.cpp.o
                0x0000000000014cd8                unsigned long bit::Set<unsigned long>(unsigned long, unsigned long)
 .text._ZN3bit6InsertImhEET_S1_T0_mm
                0x0000000000014d14       0x74 build/application/compiled/source/main1.cpp.o
                0x0000000000014d14                unsigned long bit::Insert<unsigned long, unsigned char>(unsigned long, unsigned char, unsigned long, unsigned long)
 .text._ZN3bit7ExtractImEET_S1_mm
                0x0000000000014d88       0x54 build/application/compiled/source/main1.cpp.o
                0x0000000000014d88                unsigned long bit::Extract<unsigned long>(unsigned long, unsigned long, unsigned long)
 .text._ZN3bit6InsertImbEET_S1_T0_mm
                0x0000000000014ddc       0x74 build/application/compiled/source/main1.cpp.o
                0x0000000000014ddc                unsigned long bit::Insert<unsigned long, bool>(unsigned long, bool, unsigned long, unsigned long)
 .text._ZN5Timer15ClearInterruptsILN14TimerInterface9TimerPortE0EEEvv
                0x0000000000014e50       0xa0 build/application/compiled/source/main1.cpp.o
                0x0000000000014e50                void Timer::ClearInterrupts<(TimerInterface::TimerPort)0>()
 .text._ZN5Timer15ClearInterruptsILN14TimerInterface9TimerPortE1EEEvv
                0x0000000000014ef0       0xa0 build/application/compiled/source/main1.cpp.o
                0x0000000000014ef0                void Timer::ClearInterrupts<(TimerInterface::TimerPort)1>()
 .text._ZN5Timer15ClearInterruptsILN14TimerInterface9TimerPortE2EEEvv
                0x0000000000014f90       0xa0 build/application/compiled/source/main1.cpp.o
                0x0000000000014f90                void Timer::ClearInterrupts<(TimerInterface::TimerPort)2>()
 .text._ZN5Timer15ClearInterruptsILN14TimerInterface9TimerPortE3EEEvv
                0x0000000000015030       0xa0 build/application/compiled/source/main1.cpp.o
                0x0000000000015030                void Timer::ClearInterrupts<(TimerInterface::TimerPort)3>()
 .text._Z41__static_initialization_and_destruction_0ii
                0x00000000000150d0      0x144 build/application/compiled/source/main1.cpp.o
 .text._GLOBAL__sub_I_mp3
                0x0000000000015214       0x28 build/application/compiled/source/main1.cpp.o
 .text._ZN7LabGPIO10SetAsInputEv
                0x000000000001523c       0x58 build/application/compiled/source/LabGPIO.cpp.o
                0x000000000001523c                LabGPIO::SetAsInput()
 .text._ZN7LabGPIO11SetAsOutputEv
                0x0000000000015294       0x54 build/application/compiled/source/LabGPIO.cpp.o
                0x0000000000015294                LabGPIO::SetAsOutput()
 .text._ZN7LabGPIO7SetHighEv
                0x00000000000152e8       0x44 build/application/compiled/source/LabGPIO.cpp.o
                0x00000000000152e8                LabGPIO::SetHigh()
 .text._ZN7LabGPIO6SetLowEv
                0x000000000001532c       0x44 build/application/compiled/source/LabGPIO.cpp.o
                0x000000000001532c                LabGPIO::SetLow()
 .text._ZN7LabGPIO8ReadBoolEv
                0x0000000000015370       0x50 build/application/compiled/source/LabGPIO.cpp.o
                0x0000000000015370                LabGPIO::ReadBool()
 .text._ZN7LabGPIO20GPIOInterruptHandlerEv
                0x00000000000153c0       0xdc build/application/compiled/source/LabGPIO.cpp.o
                0x00000000000153c0                LabGPIO::GPIOInterruptHandler()
 .text._ZN7LabGPIO16EnableInterruptsEv
                0x000000000001549c       0x34 build/application/compiled/source/LabGPIO.cpp.o
                0x000000000001549c                LabGPIO::EnableInterrupts()
 .text._ZN7LabGPIO22AttachInterruptHandlerEPFvvENS_4EdgeE
                0x00000000000154d0      0x19c build/application/compiled/source/LabGPIO.cpp.o
                0x00000000000154d0                LabGPIO::AttachInterruptHandler(void (*)(), LabGPIO::Edge)
 .text._Z17SetUptimeFunctionPFyvE
                0x000000000001566c       0x30 build/application/compiled//home/osboxes/SJSU-Dev2/firmware/library/L0_LowLevel/startup.cpp.o
                0x000000000001566c                SetUptimeFunction(unsigned long long (*)())
 .text._ZN11SystemTimer12DisableTimerEv
                0x000000000001569c       0x3c build/application/compiled//home/osboxes/SJSU-Dev2/firmware/library/L0_LowLevel/startup.cpp.o
                0x000000000001569c                SystemTimer::DisableTimer()
 .text._ZN11SystemTimer18SystemTimerHandlerEv
                0x00000000000156d8       0x34 build/application/compiled//home/osboxes/SJSU-Dev2/firmware/library/L0_LowLevel/startup.cpp.o
                0x00000000000156d8                SystemTimer::SystemTimerHandler()
 .text._ZN11SystemTimer14SetIsrFunctionEPFvvE
                0x000000000001570c       0x34 build/application/compiled//home/osboxes/SJSU-Dev2/firmware/library/L0_LowLevel/startup.cpp.o
                0x000000000001570c                SystemTimer::SetIsrFunction(void (*)())
 .text._ZN11SystemTimer10StartTimerEv
                0x0000000000015740       0x9c build/application/compiled//home/osboxes/SJSU-Dev2/firmware/library/L0_LowLevel/startup.cpp.o
                0x0000000000015740                SystemTimer::StartTimer()
 .text._ZN11SystemTimer16SetTickFrequencyEm
                0x00000000000157dc       0x94 build/application/compiled//home/osboxes/SJSU-Dev2/firmware/library/L0_LowLevel/startup.cpp.o
                0x00000000000157dc                SystemTimer::SetTickFrequency(unsigned long)
 .text._ZN5Timer12DoNothingIsrEv
                0x0000000000015870       0x20 build/application/compiled//home/osboxes/SJSU-Dev2/firmware/library/L0_LowLevel/startup.cpp.o
                0x0000000000015870                Timer::DoNothingIsr()
 .text._ZN4Uart11SetBaudRateEm
                0x0000000000015890       0xcc build/application/compiled//home/osboxes/SJSU-Dev2/firmware/library/L0_LowLevel/startup.cpp.o
                0x0000000000015890                Uart::SetBaudRate(unsigned long)
 .text._ZN4Uart10InitializeEm
                0x000000000001595c       0xe4 build/application/compiled//home/osboxes/SJSU-Dev2/firmware/library/L0_LowLevel/startup.cpp.o
                0x000000000001595c                Uart::Initialize(unsigned long)
 .text._ZZN4Uart4SendEhENKUlvE_clEv
                0x0000000000015a40       0x4c build/application/compiled//home/osboxes/SJSU-Dev2/firmware/library/L0_LowLevel/startup.cpp.o
                0x0000000000015a40                Uart::Send(unsigned char)::{lambda()#1}::operator()() const
 .text._ZN4Uart4SendEh
                0x0000000000015a8c       0xe8 build/application/compiled//home/osboxes/SJSU-Dev2/firmware/library/L0_LowLevel/startup.cpp.o
                0x0000000000015a8c                Uart::Send(unsigned char)
 .text._ZZN4Uart7ReceiveEmENKUlvE_clEv
                0x0000000000015b74       0x4c build/application/compiled//home/osboxes/SJSU-Dev2/firmware/library/L0_LowLevel/startup.cpp.o
                0x0000000000015b74                Uart::Receive(unsigned long)::{lambda()#1}::operator()() const
 .text._ZN4Uart7ReceiveEm
                0x0000000000015bc0       0xf8 build/application/compiled//home/osboxes/SJSU-Dev2/firmware/library/L0_LowLevel/startup.cpp.o
                0x0000000000015bc0                Uart::Receive(unsigned long)
 .text._ZN4Uart21FindClosestFractionalEf
                0x0000000000015cb8       0xfc build/application/compiled//home/osboxes/SJSU-Dev2/firmware/library/L0_LowLevel/startup.cpp.o
                0x0000000000015cb8                Uart::FindClosestFractional(float)
 .text._ZN4Uart15DividerEstimateEff
                0x0000000000015db4       0x74 build/application/compiled//home/osboxes/SJSU-Dev2/firmware/library/L0_LowLevel/startup.cpp.o
                0x0000000000015db4                Uart::DividerEstimate(float, float)
 .text._ZN4Uart18FractionalEstimateEff
                0x0000000000015e28       0x74 build/application/compiled//home/osboxes/SJSU-Dev2/firmware/library/L0_LowLevel/startup.cpp.o
                0x0000000000015e28                Uart::FractionalEstimate(float, float)
 .text._ZN4Uart9IsDecmialEf
                0x0000000000015e9c       0x84 build/application/compiled//home/osboxes/SJSU-Dev2/firmware/library/L0_LowLevel/startup.cpp.o
                0x0000000000015e9c                Uart::IsDecmial(float)
 .text._ZN4Uart23GenerateUartCalibrationEf
                0x0000000000015f20      0x1f0 build/application/compiled//home/osboxes/SJSU-Dev2/firmware/library/L0_LowLevel/startup.cpp.o
                0x0000000000015f20                Uart::GenerateUartCalibration(float)
 .text._ZN12_GLOBAL__N_113Lpc40xxUptimeEv
                0x0000000000016110       0x40 build/application/compiled//home/osboxes/SJSU-Dev2/firmware/library/L0_LowLevel/startup.cpp.o
 .text.UptimeRTOS
                0x0000000000016150       0x40 build/application/compiled//home/osboxes/SJSU-Dev2/firmware/library/L0_LowLevel/startup.cpp.o
                0x0000000000016150                UptimeRTOS
 .text._ZSt4sizeImLj80EEjRAT0__KT_
                0x0000000000016190       0x2c build/application/compiled//home/osboxes/SJSU-Dev2/firmware/library/L0_LowLevel/startup.cpp.o
                0x0000000000016190                unsigned int std::size<unsigned long, 80u>(unsigned long const (&) [80u])
 .text.vApplicationGetIdleTaskMemory
                0x00000000000161bc       0x34 build/application/compiled//home/osboxes/SJSU-Dev2/firmware/library/L0_LowLevel/startup.cpp.o
                0x00000000000161bc                vApplicationGetIdleTaskMemory
 .text.vPortSetupTimerInterrupt
                0x00000000000161f0       0x2c build/application/compiled//home/osboxes/SJSU-Dev2/firmware/library/L0_LowLevel/startup.cpp.o
                0x00000000000161f0                vPortSetupTimerInterrupt
 .text._Z12LowLevelInitv
                0x000000000001621c       0xbc build/application/compiled//home/osboxes/SJSU-Dev2/firmware/library/L0_LowLevel/startup.cpp.o
                0x000000000001621c                LowLevelInit()
 .text.SystemInit
                0x00000000000162d8       0x1a build/application/compiled//home/osboxes/SJSU-Dev2/firmware/library/L0_LowLevel/startup.cpp.o
                0x00000000000162d8                SystemInit
 *fill*         0x00000000000162f2        0x2 ff
 .text.ResetIsr
                0x00000000000162f4       0x30 build/application/compiled//home/osboxes/SJSU-Dev2/firmware/library/L0_LowLevel/startup.cpp.o
                0x00000000000162f4                ResetIsr
 .text._Z4WaitIZN4Uart4SendEhEUlvE_E6StatusyT_
                0x0000000000016324       0xa8 build/application/compiled//home/osboxes/SJSU-Dev2/firmware/library/L0_LowLevel/startup.cpp.o
                0x0000000000016324                Status Wait<Uart::Send(unsigned char)::{lambda()#1}>(unsigned long long, Uart::Send(unsigned char)::{lambda()#1})
 .text._Z4WaitIZN4Uart7ReceiveEmEUlvE_E6StatusyT_
                0x00000000000163cc       0xa8 build/application/compiled//home/osboxes/SJSU-Dev2/firmware/library/L0_LowLevel/startup.cpp.o
                0x00000000000163cc                Status Wait<Uart::Receive(unsigned long)::{lambda()#1}>(unsigned long long, Uart::Receive(unsigned long)::{lambda()#1})
 .text._Z41__static_initialization_and_destruction_0ii
                0x0000000000016474       0xdc build/application/compiled//home/osboxes/SJSU-Dev2/firmware/library/L0_LowLevel/startup.cpp.o
 .text._GLOBAL__sub_I_UptimeRTOS
                0x0000000000016550        0xe build/application/compiled//home/osboxes/SJSU-Dev2/firmware/library/L0_LowLevel/startup.cpp.o
 *fill*         0x000000000001655e        0x2 ff
 .text.NVIC_EnableIRQ
                0x0000000000016560       0x2c build/application/compiled//home/osboxes/SJSU-Dev2/firmware/library/L0_LowLevel/interrupt.cpp.o
 .text.NVIC_SetPriority
                0x000000000001658c       0x54 build/application/compiled//home/osboxes/SJSU-Dev2/firmware/library/L0_LowLevel/interrupt.cpp.o
 .text.InterruptLookupHandler
                0x00000000000165e0       0x6c build/application/compiled//home/osboxes/SJSU-Dev2/firmware/library/L0_LowLevel/interrupt.cpp.o
                0x00000000000165e0                Pwm0IrqHandler
                0x00000000000165e0                EepromIrqHandler
                0x00000000000165e0                Timer2IrqHandler
                0x00000000000165e0                I2c1IrqHandler
                0x00000000000165e0                BusFaultHandler
                0x00000000000165e0                LcdIrqHandler
                0x00000000000165e0                I2c2IrqHandler
                0x00000000000165e0                CanIrqHandler
                0x00000000000165e0                RitIrqHandler
                0x00000000000165e0                Uart2IrqHandler
                0x00000000000165e0                I2sIrqHandler
                0x00000000000165e0                PendSVHandler
                0x00000000000165e0                UsageFaultHandler
                0x00000000000165e0                Uart4IrqHandler
                0x00000000000165e0                InterruptLookupHandler
                0x00000000000165e0                BodIrqHandler
                0x00000000000165e0                SysTickHandler
                0x00000000000165e0                RtcIrqHandler
                0x00000000000165e0                Uart0IrqHandler
                0x00000000000165e0                UsbIrqHandler
                0x00000000000165e0                AdcIrqHandler
                0x00000000000165e0                EnetIrqHandler
                0x00000000000165e0                DmaIrqHandler
                0x00000000000165e0                Eint1IrqHandler
                0x00000000000165e0                SvcHandler
                0x00000000000165e0                GpioIrqHandler
                0x00000000000165e0                SdioIrqHandler
                0x00000000000165e0                Pll1IrqHandler
                0x00000000000165e0                MemManageHandler
                0x00000000000165e0                Pwm1IrqHandler
                0x00000000000165e0                Timer0IrqHandler
                0x00000000000165e0                Uart3IrqHandler
                0x00000000000165e0                Timer1IrqHandler
                0x00000000000165e0                Uart1IrqHandler
                0x00000000000165e0                QeiIrqHandler
                0x00000000000165e0                Ssp2IrqHandler
                0x00000000000165e0                Ssp1IrqHandler
                0x00000000000165e0                Ssp0IrqHandler
                0x00000000000165e0                UsbactivityIrqHandler
                0x00000000000165e0                Pll0IrqHandler
                0x00000000000165e0                CanactivityIrqHandler
                0x00000000000165e0                NmiHandler
                0x00000000000165e0                McpwmIrqHandler
                0x00000000000165e0                WdtIrqHandler
                0x00000000000165e0                DebugMonHandler
                0x00000000000165e0                Eint2IrqHandler
                0x00000000000165e0                Timer3IrqHandler
                0x00000000000165e0                Eint3IrqHandler
                0x00000000000165e0                I2c0IrqHandler
                0x00000000000165e0                Eint0IrqHandler
                0x00000000000165e0                SpiIrqHandler
 .text._Z11RegisterIsr4IRQnPFvvEbl
                0x000000000001664c       0x5c build/application/compiled//home/osboxes/SJSU-Dev2/firmware/library/L0_LowLevel/interrupt.cpp.o
                0x000000000001664c                RegisterIsr(IRQn, void (*)(), bool, long)
 .text.GetRegistersFromStack
                0x00000000000166a8       0x78 build/application/compiled//home/osboxes/SJSU-Dev2/firmware/library/L0_LowLevel/interrupt.cpp.o
                0x00000000000166a8                GetRegistersFromStack
 .text._Z14FirmwareStdOuti
                0x0000000000016720       0x3c build/application/compiled//home/osboxes/SJSU-Dev2/firmware/library/newlib/newlib.cpp.o
                0x0000000000016720                FirmwareStdOut(int)
 .text._exit    0x000000000001675c       0x18 build/application/compiled//home/osboxes/SJSU-Dev2/firmware/library/newlib/newlib.cpp.o
                0x000000000001675c                _exit
 .text._getpid  0x0000000000016774       0x24 build/application/compiled//home/osboxes/SJSU-Dev2/firmware/library/newlib/newlib.cpp.o
                0x0000000000016774                _getpid
 .text._kill    0x0000000000016798       0x30 build/application/compiled//home/osboxes/SJSU-Dev2/firmware/library/newlib/newlib.cpp.o
                0x0000000000016798                _kill
 .text._sbrk    0x00000000000167c8       0x58 build/application/compiled//home/osboxes/SJSU-Dev2/firmware/library/newlib/newlib.cpp.o
                0x00000000000167c8                _sbrk
 .text._putchar
                0x0000000000016820       0x3c build/application/compiled//home/osboxes/SJSU-Dev2/firmware/library/newlib/newlib.cpp.o
                0x0000000000016820                _putchar
 .text.putchar  0x000000000001685c       0x38 build/application/compiled//home/osboxes/SJSU-Dev2/firmware/library/newlib/newlib.cpp.o
                0x000000000001685c                putchar
 .text.puts     0x0000000000016894       0x60 build/application/compiled//home/osboxes/SJSU-Dev2/firmware/library/newlib/newlib.cpp.o
                0x0000000000016894                puts
 .text.__cyg_profile_func_enter
                0x00000000000168f4       0x28 build/application/compiled//home/osboxes/SJSU-Dev2/firmware/library/newlib/newlib.cpp.o
                0x00000000000168f4                __cyg_profile_func_enter
 .text.__cyg_profile_func_exit
                0x000000000001691c       0x1c build/application/compiled//home/osboxes/SJSU-Dev2/firmware/library/newlib/newlib.cpp.o
                0x000000000001691c                __cyg_profile_func_exit
 .text._Z13GetStackTracev
                0x0000000000016938       0x28 build/application/compiled//home/osboxes/SJSU-Dev2/firmware/library/newlib/newlib.cpp.o
                0x0000000000016938                GetStackTrace()
 .text._Z13GetStackDepthv
                0x0000000000016960       0x2c build/application/compiled//home/osboxes/SJSU-Dev2/firmware/library/newlib/newlib.cpp.o
                0x0000000000016960                GetStackDepth()
 .text.vListInitialise
                0x000000000001698c       0x36 build/application/compiled//home/osboxes/SJSU-Dev2/firmware/library/third_party/FreeRTOS/Source/list.c.o
                0x000000000001698c                vListInitialise
 .text.vListInitialiseItem
                0x00000000000169c2       0x10 build/application/compiled//home/osboxes/SJSU-Dev2/firmware/library/third_party/FreeRTOS/Source/list.c.o
                0x00000000000169c2                vListInitialiseItem
 .text.vListInsertEnd
                0x00000000000169d2       0x3e build/application/compiled//home/osboxes/SJSU-Dev2/firmware/library/third_party/FreeRTOS/Source/list.c.o
                0x00000000000169d2                vListInsertEnd
 .text.uxListRemove
                0x0000000000016a10       0x4a build/application/compiled//home/osboxes/SJSU-Dev2/firmware/library/third_party/FreeRTOS/Source/list.c.o
                0x0000000000016a10                uxListRemove
 .text.xTaskCreateStatic
                0x0000000000016a5a       0x5c build/application/compiled//home/osboxes/SJSU-Dev2/firmware/library/third_party/FreeRTOS/Source/tasks.c.o
                0x0000000000016a5a                xTaskCreateStatic
 .text.xTaskCreate
                0x0000000000016ab6       0x8e build/application/compiled//home/osboxes/SJSU-Dev2/firmware/library/third_party/FreeRTOS/Source/tasks.c.o
                0x0000000000016ab6                xTaskCreate
 .text.prvInitialiseNewTask
                0x0000000000016b44       0xf2 build/application/compiled//home/osboxes/SJSU-Dev2/firmware/library/third_party/FreeRTOS/Source/tasks.c.o
 *fill*         0x0000000000016c36        0x2 ff
 .text.prvAddNewTaskToReadyList
                0x0000000000016c38       0xdc build/application/compiled//home/osboxes/SJSU-Dev2/firmware/library/third_party/FreeRTOS/Source/tasks.c.o
 .text.vTaskStartScheduler
                0x0000000000016d14       0x9c build/application/compiled//home/osboxes/SJSU-Dev2/firmware/library/third_party/FreeRTOS/Source/tasks.c.o
                0x0000000000016d14                vTaskStartScheduler
 .text.vTaskSuspendAll
                0x0000000000016db0       0x14 build/application/compiled//home/osboxes/SJSU-Dev2/firmware/library/third_party/FreeRTOS/Source/tasks.c.o
                0x0000000000016db0                vTaskSuspendAll
 .text.xTaskResumeAll
                0x0000000000016dc4      0x118 build/application/compiled//home/osboxes/SJSU-Dev2/firmware/library/third_party/FreeRTOS/Source/tasks.c.o
                0x0000000000016dc4                xTaskResumeAll
 .text.xTaskIncrementTick
                0x0000000000016edc      0x158 build/application/compiled//home/osboxes/SJSU-Dev2/firmware/library/third_party/FreeRTOS/Source/tasks.c.o
                0x0000000000016edc                xTaskIncrementTick
 .text.vTaskSwitchContext
                0x0000000000017034       0xc8 build/application/compiled//home/osboxes/SJSU-Dev2/firmware/library/third_party/FreeRTOS/Source/tasks.c.o
                0x0000000000017034                vTaskSwitchContext
 .text.prvIdleTask
                0x00000000000170fc        0xc build/application/compiled//home/osboxes/SJSU-Dev2/firmware/library/third_party/FreeRTOS/Source/tasks.c.o
 .text.prvInitialiseTaskLists
                0x0000000000017108       0x7c build/application/compiled//home/osboxes/SJSU-Dev2/firmware/library/third_party/FreeRTOS/Source/tasks.c.o
 .text.prvCheckTasksWaitingTermination
                0x0000000000017184       0x58 build/application/compiled//home/osboxes/SJSU-Dev2/firmware/library/third_party/FreeRTOS/Source/tasks.c.o
 .text.prvDeleteTCB
                0x00000000000171dc       0x3a build/application/compiled//home/osboxes/SJSU-Dev2/firmware/library/third_party/FreeRTOS/Source/tasks.c.o
 *fill*         0x0000000000017216        0x2 ff
 .text.prvResetNextTaskUnblockTime
                0x0000000000017218       0x40 build/application/compiled//home/osboxes/SJSU-Dev2/firmware/library/third_party/FreeRTOS/Source/tasks.c.o
 .text.pxPortInitialiseStack
                0x0000000000017258       0x60 build/application/compiled//home/osboxes/SJSU-Dev2/firmware/library/third_party/FreeRTOS/Source/portable/GCC/ARM_CM4F/port.c.o
                0x0000000000017258                pxPortInitialiseStack
 .text.prvTaskExitError
                0x00000000000172b8       0x26 build/application/compiled//home/osboxes/SJSU-Dev2/firmware/library/third_party/FreeRTOS/Source/portable/GCC/ARM_CM4F/port.c.o
 *fill*         0x00000000000172de        0x2 ff
 .text.vPortSVCHandler
                0x00000000000172e0       0x28 build/application/compiled//home/osboxes/SJSU-Dev2/firmware/library/third_party/FreeRTOS/Source/portable/GCC/ARM_CM4F/port.c.o
                0x00000000000172e0                vPortSVCHandler
 .text.prvPortStartFirstTask
                0x0000000000017308       0x28 build/application/compiled//home/osboxes/SJSU-Dev2/firmware/library/third_party/FreeRTOS/Source/portable/GCC/ARM_CM4F/port.c.o
 .text.xPortStartScheduler
                0x0000000000017330       0x54 build/application/compiled//home/osboxes/SJSU-Dev2/firmware/library/third_party/FreeRTOS/Source/portable/GCC/ARM_CM4F/port.c.o
                0x0000000000017330                xPortStartScheduler
 .text.vPortEnterCritical
                0x0000000000017384       0x28 build/application/compiled//home/osboxes/SJSU-Dev2/firmware/library/third_party/FreeRTOS/Source/portable/GCC/ARM_CM4F/port.c.o
                0x0000000000017384                vPortEnterCritical
 .text.vPortExitCritical
                0x00000000000173ac       0x28 build/application/compiled//home/osboxes/SJSU-Dev2/firmware/library/third_party/FreeRTOS/Source/portable/GCC/ARM_CM4F/port.c.o
                0x00000000000173ac                vPortExitCritical
 *fill*         0x00000000000173d4        0xc ff
 .text.xPortPendSVHandler
                0x00000000000173e0       0x68 build/application/compiled//home/osboxes/SJSU-Dev2/firmware/library/third_party/FreeRTOS/Source/portable/GCC/ARM_CM4F/port.c.o
                0x00000000000173e0                xPortPendSVHandler
 .text.xPortSysTickHandler
                0x0000000000017448       0x40 build/application/compiled//home/osboxes/SJSU-Dev2/firmware/library/third_party/FreeRTOS/Source/portable/GCC/ARM_CM4F/port.c.o
                0x0000000000017448                xPortSysTickHandler
 .text.vPortEnableVFP
                0x0000000000017488       0x14 build/application/compiled//home/osboxes/SJSU-Dev2/firmware/library/third_party/FreeRTOS/Source/portable/GCC/ARM_CM4F/port.c.o
 .text.pvPortMalloc
                0x000000000001749c       0x22 build/application/compiled//home/osboxes/SJSU-Dev2/firmware/library/third_party/FreeRTOS/Source/portable/MemMang/heap_3.c.o
                0x000000000001749c                pvPortMalloc
 .text.vPortFree
                0x00000000000174be       0x22 build/application/compiled//home/osboxes/SJSU-Dev2/firmware/library/third_party/FreeRTOS/Source/portable/MemMang/heap_3.c.o
                0x00000000000174be                vPortFree
 .text._ZL11_out_buffercPvjj
                0x00000000000174e0       0x44 build/application/compiled//home/osboxes/SJSU-Dev2/firmware/library/third_party/printf/printf.cpp.o
 .text._ZL9_out_nullcPvjj
                0x0000000000017524       0x30 build/application/compiled//home/osboxes/SJSU-Dev2/firmware/library/third_party/printf/printf.cpp.o
 .text._ZL9_out_charcPvjj
                0x0000000000017554       0x44 build/application/compiled//home/osboxes/SJSU-Dev2/firmware/library/third_party/printf/printf.cpp.o
 .text._ZL7_strlenPKc
                0x0000000000017598       0x44 build/application/compiled//home/osboxes/SJSU-Dev2/firmware/library/third_party/printf/printf.cpp.o
 .text._ZL9_is_digitc
                0x00000000000175dc       0x44 build/application/compiled//home/osboxes/SJSU-Dev2/firmware/library/third_party/printf/printf.cpp.o
 .text._ZL5_atoiPPKc
                0x0000000000017620       0x60 build/application/compiled//home/osboxes/SJSU-Dev2/firmware/library/third_party/printf/printf.cpp.o
 .text._ZL12_ntoa_formatPFvcPvjjEPcjjS2_jbjjjj
                0x0000000000017680      0x25c build/application/compiled//home/osboxes/SJSU-Dev2/firmware/library/third_party/printf/printf.cpp.o
 .text._ZL10_ntoa_longPFvcPvjjEPcjjmbmjjj
                0x00000000000178dc       0xe4 build/application/compiled//home/osboxes/SJSU-Dev2/firmware/library/third_party/printf/printf.cpp.o
 .text._ZL15_ntoa_long_longPFvcPvjjEPcjjybyjjj
                0x00000000000179c0       0xf4 build/application/compiled//home/osboxes/SJSU-Dev2/firmware/library/third_party/printf/printf.cpp.o
 .text._ZL5_ftoaPFvcPvjjEPcjjdjjj
                0x0000000000017ab4      0x438 build/application/compiled//home/osboxes/SJSU-Dev2/firmware/library/third_party/printf/printf.cpp.o
 .text._ZL10_vsnprintfPFvcPvjjEPcjPKcSt9__va_list
                0x0000000000017eec      0x8f4 build/application/compiled//home/osboxes/SJSU-Dev2/firmware/library/third_party/printf/printf.cpp.o
 .text.printf   0x00000000000187e0       0x4c build/application/compiled//home/osboxes/SJSU-Dev2/firmware/library/third_party/printf/printf.cpp.o
                0x00000000000187e0                printf
 .text.sprintf  0x000000000001882c       0x50 build/application/compiled//home/osboxes/SJSU-Dev2/firmware/library/third_party/printf/printf.cpp.o
                0x000000000001882c                sprintf
 .text.vsnprintf
                0x000000000001887c       0x44 build/application/compiled//home/osboxes/SJSU-Dev2/firmware/library/third_party/printf/printf.cpp.o
                0x000000000001887c                vsnprintf
 .text._ZN11SdInterfaceC2Ev
                0x00000000000188c0       0x34 build/application/compiled//home/osboxes/SJSU-Dev2/firmware/library/third_party/fatfs/source/diskio.cpp.o
                0x00000000000188c0                SdInterface::SdInterface()
                0x00000000000188c0                SdInterface::SdInterface()
 .text._ZN2SdC2ENS_13DebugSdCard_tEhhhh
                0x00000000000188f4       0xa0 build/application/compiled//home/osboxes/SJSU-Dev2/firmware/library/third_party/fatfs/source/diskio.cpp.o
                0x00000000000188f4                Sd::Sd(Sd::DebugSdCard_t, unsigned char, unsigned char, unsigned char, unsigned char)
                0x00000000000188f4                Sd::Sd(Sd::DebugSdCard_t, unsigned char, unsigned char, unsigned char, unsigned char)
 .text._ZN2Sd10InitializeEv
                0x0000000000018994       0xb0 build/application/compiled//home/osboxes/SJSU-Dev2/firmware/library/third_party/fatfs/source/diskio.cpp.o
                0x0000000000018994                Sd::Initialize()
 .text._ZN2Sd5MountEPN11SdInterface10CardInfo_tE
                0x0000000000018a44      0x31c build/application/compiled//home/osboxes/SJSU-Dev2/firmware/library/third_party/fatfs/source/diskio.cpp.o
                0x0000000000018a44                Sd::Mount(SdInterface::CardInfo_t*)
 .text._ZN2Sd6ToBoolEb
                0x0000000000018d60       0x44 build/application/compiled//home/osboxes/SJSU-Dev2/firmware/library/third_party/fatfs/source/diskio.cpp.o
                0x0000000000018d60                Sd::ToBool(bool)
 .text._ZN2Sd15WaitToReadBlockEv
                0x0000000000018da4       0x64 build/application/compiled//home/osboxes/SJSU-Dev2/firmware/library/third_party/fatfs/source/diskio.cpp.o
                0x0000000000018da4                Sd::WaitToReadBlock()
 .text._ZN2Sd13WaitWhileBusyEv
                0x0000000000018e08       0x50 build/application/compiled//home/osboxes/SJSU-Dev2/firmware/library/third_party/fatfs/source/diskio.cpp.o
                0x0000000000018e08                Sd::WaitWhileBusy()
 .text._ZN2Sd9ReadBlockEmPhm
                0x0000000000018e58      0x418 build/application/compiled//home/osboxes/SJSU-Dev2/firmware/library/third_party/fatfs/source/diskio.cpp.o
                0x0000000000018e58                Sd::ReadBlock(unsigned long, unsigned char*, unsigned long)
 .text._ZN2Sd10WriteBlockEmPKhm
                0x0000000000019270      0x1ac build/application/compiled//home/osboxes/SJSU-Dev2/firmware/library/third_party/fatfs/source/diskio.cpp.o
                0x0000000000019270                Sd::WriteBlock(unsigned long, unsigned char const*, unsigned long)
 .text._ZN2Sd11DeleteBlockEmm
                0x000000000001941c      0x120 build/application/compiled//home/osboxes/SJSU-Dev2/firmware/library/third_party/fatfs/source/diskio.cpp.o
                0x000000000001941c                Sd::DeleteBlock(unsigned long, unsigned long)
 .text._ZN2Sd7SendCmdEN11SdInterface7CommandEmPhmNS0_9KeepAliveE
                0x000000000001953c      0x4a0 build/application/compiled//home/osboxes/SJSU-Dev2/firmware/library/third_party/fatfs/source/diskio.cpp.o
                0x000000000001953c                Sd::SendCmd(SdInterface::Command, unsigned long, unsigned char*, unsigned long, SdInterface::KeepAlive)
 .text._ZN2Sd7Crc7AddEhh
                0x00000000000199dc       0x48 build/application/compiled//home/osboxes/SJSU-Dev2/firmware/library/third_party/fatfs/source/diskio.cpp.o
                0x00000000000199dc                Sd::Crc7Add(unsigned char, unsigned char)
 .text._ZN2Sd7GetCrc7EPhh
                0x0000000000019a24       0x70 build/application/compiled//home/osboxes/SJSU-Dev2/firmware/library/third_party/fatfs/source/diskio.cpp.o
                0x0000000000019a24                Sd::GetCrc7(unsigned char*, unsigned char)
 .text._ZN2Sd8GetCrc16EPht
                0x0000000000019a94       0xfc build/application/compiled//home/osboxes/SJSU-Dev2/firmware/library/third_party/fatfs/source/diskio.cpp.o
                0x0000000000019a94                Sd::GetCrc16(unsigned char*, unsigned short)
 .text.disk_status
                0x0000000000019b90       0x8c build/application/compiled//home/osboxes/SJSU-Dev2/firmware/library/third_party/fatfs/source/diskio.cpp.o
                0x0000000000019b90                disk_status
 .text.disk_initialize
                0x0000000000019c1c       0x68 build/application/compiled//home/osboxes/SJSU-Dev2/firmware/library/third_party/fatfs/source/diskio.cpp.o
                0x0000000000019c1c                disk_initialize
 .text.disk_read
                0x0000000000019c84       0x44 build/application/compiled//home/osboxes/SJSU-Dev2/firmware/library/third_party/fatfs/source/diskio.cpp.o
                0x0000000000019c84                disk_read
 .text.disk_write
                0x0000000000019cc8       0x44 build/application/compiled//home/osboxes/SJSU-Dev2/firmware/library/third_party/fatfs/source/diskio.cpp.o
                0x0000000000019cc8                disk_write
 .text.disk_ioctl
                0x0000000000019d0c       0x38 build/application/compiled//home/osboxes/SJSU-Dev2/firmware/library/third_party/fatfs/source/diskio.cpp.o
                0x0000000000019d0c                disk_ioctl
 .text._Z41__static_initialization_and_destruction_0ii
                0x0000000000019d44       0x50 build/application/compiled//home/osboxes/SJSU-Dev2/firmware/library/third_party/fatfs/source/diskio.cpp.o
 .text._GLOBAL__sub_I_disk_status
                0x0000000000019d94       0x28 build/application/compiled//home/osboxes/SJSU-Dev2/firmware/library/third_party/fatfs/source/diskio.cpp.o
 .text.ld_word  0x0000000000019dbc       0x4c build/application/compiled//home/osboxes/SJSU-Dev2/firmware/library/third_party/fatfs/source/ff.c.o
 .text.ld_dword
                0x0000000000019e08       0x5c build/application/compiled//home/osboxes/SJSU-Dev2/firmware/library/third_party/fatfs/source/ff.c.o
 .text.st_word  0x0000000000019e64       0x54 build/application/compiled//home/osboxes/SJSU-Dev2/firmware/library/third_party/fatfs/source/ff.c.o
 .text.st_dword
                0x0000000000019eb8       0x6c build/application/compiled//home/osboxes/SJSU-Dev2/firmware/library/third_party/fatfs/source/ff.c.o
 .text.mem_cpy  0x0000000000019f24       0x54 build/application/compiled//home/osboxes/SJSU-Dev2/firmware/library/third_party/fatfs/source/ff.c.o
 .text.mem_set  0x0000000000019f78       0x48 build/application/compiled//home/osboxes/SJSU-Dev2/firmware/library/third_party/fatfs/source/ff.c.o
 .text.mem_cmp  0x0000000000019fc0       0x64 build/application/compiled//home/osboxes/SJSU-Dev2/firmware/library/third_party/fatfs/source/ff.c.o
 .text.chk_chr  0x000000000001a024       0x4c build/application/compiled//home/osboxes/SJSU-Dev2/firmware/library/third_party/fatfs/source/ff.c.o
 .text.dbc_1st  0x000000000001a070       0x60 build/application/compiled//home/osboxes/SJSU-Dev2/firmware/library/third_party/fatfs/source/ff.c.o
 .text.dbc_2nd  0x000000000001a0d0       0x78 build/application/compiled//home/osboxes/SJSU-Dev2/firmware/library/third_party/fatfs/source/ff.c.o
 .text.sync_window
                0x000000000001a148       0x98 build/application/compiled//home/osboxes/SJSU-Dev2/firmware/library/third_party/fatfs/source/ff.c.o
 .text.move_window
                0x000000000001a1e0       0x7c build/application/compiled//home/osboxes/SJSU-Dev2/firmware/library/third_party/fatfs/source/ff.c.o
 .text.sync_fs  0x000000000001a25c       0xfc build/application/compiled//home/osboxes/SJSU-Dev2/firmware/library/third_party/fatfs/source/ff.c.o
 .text.clst2sect
                0x000000000001a358       0x54 build/application/compiled//home/osboxes/SJSU-Dev2/firmware/library/third_party/fatfs/source/ff.c.o
 .text.get_fat  0x000000000001a3ac      0x164 build/application/compiled//home/osboxes/SJSU-Dev2/firmware/library/third_party/fatfs/source/ff.c.o
 .text.put_fat  0x000000000001a510      0x1fc build/application/compiled//home/osboxes/SJSU-Dev2/firmware/library/third_party/fatfs/source/ff.c.o
 .text.remove_chain
                0x000000000001a70c       0xf0 build/application/compiled//home/osboxes/SJSU-Dev2/firmware/library/third_party/fatfs/source/ff.c.o
 .text.create_chain
                0x000000000001a7fc      0x1c4 build/application/compiled//home/osboxes/SJSU-Dev2/firmware/library/third_party/fatfs/source/ff.c.o
 .text.dir_clear
                0x000000000001a9c0       0xac build/application/compiled//home/osboxes/SJSU-Dev2/firmware/library/third_party/fatfs/source/ff.c.o
 .text.dir_sdi  0x000000000001aa6c      0x110 build/application/compiled//home/osboxes/SJSU-Dev2/firmware/library/third_party/fatfs/source/ff.c.o
 .text.dir_next
                0x000000000001ab7c      0x144 build/application/compiled//home/osboxes/SJSU-Dev2/firmware/library/third_party/fatfs/source/ff.c.o
 .text.dir_alloc
                0x000000000001acc0       0xb8 build/application/compiled//home/osboxes/SJSU-Dev2/firmware/library/third_party/fatfs/source/ff.c.o
 .text.ld_clust
                0x000000000001ad78       0x58 build/application/compiled//home/osboxes/SJSU-Dev2/firmware/library/third_party/fatfs/source/ff.c.o
 .text.st_clust
                0x000000000001add0       0x58 build/application/compiled//home/osboxes/SJSU-Dev2/firmware/library/third_party/fatfs/source/ff.c.o
 .text.dir_read
                0x000000000001ae28       0xf4 build/application/compiled//home/osboxes/SJSU-Dev2/firmware/library/third_party/fatfs/source/ff.c.o
 .text.dir_find
                0x000000000001af1c       0xd8 build/application/compiled//home/osboxes/SJSU-Dev2/firmware/library/third_party/fatfs/source/ff.c.o
 .text.dir_register
                0x000000000001aff4       0x88 build/application/compiled//home/osboxes/SJSU-Dev2/firmware/library/third_party/fatfs/source/ff.c.o
 .text.get_fileinfo
                0x000000000001b07c       0xec build/application/compiled//home/osboxes/SJSU-Dev2/firmware/library/third_party/fatfs/source/ff.c.o
 .text.create_name
                0x000000000001b168      0x1a4 build/application/compiled//home/osboxes/SJSU-Dev2/firmware/library/third_party/fatfs/source/ff.c.o
 .text.follow_path
                0x000000000001b30c      0x110 build/application/compiled//home/osboxes/SJSU-Dev2/firmware/library/third_party/fatfs/source/ff.c.o
 .text.get_ldnumber
                0x000000000001b41c       0xa8 build/application/compiled//home/osboxes/SJSU-Dev2/firmware/library/third_party/fatfs/source/ff.c.o
 .text.check_fs
                0x000000000001b4c4       0xc4 build/application/compiled//home/osboxes/SJSU-Dev2/firmware/library/third_party/fatfs/source/ff.c.o
 .text.find_volume
                0x000000000001b588      0x4dc build/application/compiled//home/osboxes/SJSU-Dev2/firmware/library/third_party/fatfs/source/ff.c.o
 .text.validate
                0x000000000001ba64       0x8c build/application/compiled//home/osboxes/SJSU-Dev2/firmware/library/third_party/fatfs/source/ff.c.o
 .text.f_mount  0x000000000001baf0       0x9c build/application/compiled//home/osboxes/SJSU-Dev2/firmware/library/third_party/fatfs/source/ff.c.o
                0x000000000001baf0                f_mount
 .text.f_open   0x000000000001bb8c      0x338 build/application/compiled//home/osboxes/SJSU-Dev2/firmware/library/third_party/fatfs/source/ff.c.o
                0x000000000001bb8c                f_open
 .text.f_read   0x000000000001bec4      0x27c build/application/compiled//home/osboxes/SJSU-Dev2/firmware/library/third_party/fatfs/source/ff.c.o
                0x000000000001bec4                f_read
 .text.f_sync   0x000000000001c140      0x120 build/application/compiled//home/osboxes/SJSU-Dev2/firmware/library/third_party/fatfs/source/ff.c.o
                0x000000000001c140                f_sync
 .text.f_close  0x000000000001c260       0x60 build/application/compiled//home/osboxes/SJSU-Dev2/firmware/library/third_party/fatfs/source/ff.c.o
                0x000000000001c260                f_close
 .text.f_opendir
                0x000000000001c2c0       0xe0 build/application/compiled//home/osboxes/SJSU-Dev2/firmware/library/third_party/fatfs/source/ff.c.o
                0x000000000001c2c0                f_opendir
 .text.f_closedir
                0x000000000001c3a0       0x4c build/application/compiled//home/osboxes/SJSU-Dev2/firmware/library/third_party/fatfs/source/ff.c.o
                0x000000000001c3a0                f_closedir
 .text.f_readdir
                0x000000000001c3ec       0xa8 build/application/compiled//home/osboxes/SJSU-Dev2/firmware/library/third_party/fatfs/source/ff.c.o
                0x000000000001c3ec                f_readdir
 .text.__cxa_pure_virtual
                0x000000000001c494        0x6 /home/osboxes/SJSU-Dev2/tools/gcc-arm-none-eabi-7-2017-q4-major/bin/../lib/gcc/arm-none-eabi/7.2.1/../../../../arm-none-eabi/lib/thumb/v7e-m/fpv4-sp/hard/libstdc++_nano.a(pure.o)
                0x000000000001c494                __cxa_pure_virtual
 .text._ZN10__cxxabiv111__terminateEPFvvE
                0x000000000001c49a        0x8 /home/osboxes/SJSU-Dev2/tools/gcc-arm-none-eabi-7-2017-q4-major/bin/../lib/gcc/arm-none-eabi/7.2.1/../../../../arm-none-eabi/lib/thumb/v7e-m/fpv4-sp/hard/libstdc++_nano.a(eh_terminate.o)
                0x000000000001c49a                __cxxabiv1::__terminate(void (*)())
 *fill*         0x000000000001c4a2        0x2 ff
 .text._ZSt13get_terminatev
                0x000000000001c4a4       0x10 /home/osboxes/SJSU-Dev2/tools/gcc-arm-none-eabi-7-2017-q4-major/bin/../lib/gcc/arm-none-eabi/7.2.1/../../../../arm-none-eabi/lib/thumb/v7e-m/fpv4-sp/hard/libstdc++_nano.a(eh_terminate.o)
                0x000000000001c4a4                std::get_terminate()
 .text._ZSt9terminatev
                0x000000000001c4b4        0xa /home/osboxes/SJSU-Dev2/tools/gcc-arm-none-eabi-7-2017-q4-major/bin/../lib/gcc/arm-none-eabi/7.2.1/../../../../arm-none-eabi/lib/thumb/v7e-m/fpv4-sp/hard/libstdc++_nano.a(eh_terminate.o)
                0x000000000001c4b4                std::terminate()
 *fill*         0x000000000001c4be        0x2 ff
 .text.roundf   0x000000000001c4c0       0x60 /home/osboxes/SJSU-Dev2/tools/gcc-arm-none-eabi-7-2017-q4-major/bin/../lib/gcc/arm-none-eabi/7.2.1/../../../../arm-none-eabi/lib/thumb/v7e-m/fpv4-sp/hard/libm.a(lib_a-sf_round.o)
                0x000000000001c4c0                roundf
 .text          0x000000000001c520       0xa0 /home/osboxes/SJSU-Dev2/tools/gcc-arm-none-eabi-7-2017-q4-major/bin/../lib/gcc/arm-none-eabi/7.2.1/thumb/v7e-m/fpv4-sp/hard/libgcc.a(_arm_truncdfsf2.o)
                0x000000000001c520                __aeabi_d2f
                0x000000000001c520                __truncdfsf2
 .text          0x000000000001c5c0       0x30 /home/osboxes/SJSU-Dev2/tools/gcc-arm-none-eabi-7-2017-q4-major/bin/../lib/gcc/arm-none-eabi/7.2.1/thumb/v7e-m/fpv4-sp/hard/libgcc.a(_aeabi_uldivmod.o)
                0x000000000001c5c0                __aeabi_uldivmod
 .text          0x000000000001c5f0      0x2cc /home/osboxes/SJSU-Dev2/tools/gcc-arm-none-eabi-7-2017-q4-major/bin/../lib/gcc/arm-none-eabi/7.2.1/thumb/v7e-m/fpv4-sp/hard/libgcc.a(_udivmoddi4.o)
                0x000000000001c5f0                __udivmoddi4
 .text          0x000000000001c8bc        0x4 /home/osboxes/SJSU-Dev2/tools/gcc-arm-none-eabi-7-2017-q4-major/bin/../lib/gcc/arm-none-eabi/7.2.1/thumb/v7e-m/fpv4-sp/hard/libgcc.a(_dvmd_tls.o)
                0x000000000001c8bc                __aeabi_ldiv0
                0x000000000001c8bc                __aeabi_idiv0
 .text.abort    0x000000000001c8c0        0xe /home/osboxes/SJSU-Dev2/tools/gcc-arm-none-eabi-7-2017-q4-major/bin/../lib/gcc/arm-none-eabi/7.2.1/../../../../arm-none-eabi/lib/thumb/v7e-m/fpv4-sp/hard/libg_nano.a(lib_a-abort.o)
                0x000000000001c8c0                abort
 *fill*         0x000000000001c8ce        0x2 ff
 .text.__libc_init_array
                0x000000000001c8d0       0x48 /home/osboxes/SJSU-Dev2/tools/gcc-arm-none-eabi-7-2017-q4-major/bin/../lib/gcc/arm-none-eabi/7.2.1/../../../../arm-none-eabi/lib/thumb/v7e-m/fpv4-sp/hard/libg_nano.a(lib_a-init.o)
                0x000000000001c8d0                __libc_init_array
 .text.malloc   0x000000000001c918       0x10 /home/osboxes/SJSU-Dev2/tools/gcc-arm-none-eabi-7-2017-q4-major/bin/../lib/gcc/arm-none-eabi/7.2.1/../../../../arm-none-eabi/lib/thumb/v7e-m/fpv4-sp/hard/libg_nano.a(lib_a-malloc.o)
                0x000000000001c918                malloc
 .text.free     0x000000000001c928       0x10 /home/osboxes/SJSU-Dev2/tools/gcc-arm-none-eabi-7-2017-q4-major/bin/../lib/gcc/arm-none-eabi/7.2.1/../../../../arm-none-eabi/lib/thumb/v7e-m/fpv4-sp/hard/libg_nano.a(lib_a-malloc.o)
                0x000000000001c928                free
 .text.memset   0x000000000001c938       0x10 /home/osboxes/SJSU-Dev2/tools/gcc-arm-none-eabi-7-2017-q4-major/bin/../lib/gcc/arm-none-eabi/7.2.1/../../../../arm-none-eabi/lib/thumb/v7e-m/fpv4-sp/hard/libg_nano.a(lib_a-memset.o)
                0x000000000001c938                memset
 .text._free_r  0x000000000001c948       0x9c /home/osboxes/SJSU-Dev2/tools/gcc-arm-none-eabi-7-2017-q4-major/bin/../lib/gcc/arm-none-eabi/7.2.1/../../../../arm-none-eabi/lib/thumb/v7e-m/fpv4-sp/hard/libg_nano.a(lib_a-nano-freer.o)
                0x000000000001c948                _free_r
 .text._malloc_r
                0x000000000001c9e4       0xb4 /home/osboxes/SJSU-Dev2/tools/gcc-arm-none-eabi-7-2017-q4-major/bin/../lib/gcc/arm-none-eabi/7.2.1/../../../../arm-none-eabi/lib/thumb/v7e-m/fpv4-sp/hard/libg_nano.a(lib_a-nano-mallocr.o)
                0x000000000001c9e4                _malloc_r
 .text._sbrk_r  0x000000000001ca98       0x20 /home/osboxes/SJSU-Dev2/tools/gcc-arm-none-eabi-7-2017-q4-major/bin/../lib/gcc/arm-none-eabi/7.2.1/../../../../arm-none-eabi/lib/thumb/v7e-m/fpv4-sp/hard/libg_nano.a(lib_a-sbrkr.o)
                0x000000000001ca98                _sbrk_r
 .text._raise_r
                0x000000000001cab8       0x50 /home/osboxes/SJSU-Dev2/tools/gcc-arm-none-eabi-7-2017-q4-major/bin/../lib/gcc/arm-none-eabi/7.2.1/../../../../arm-none-eabi/lib/thumb/v7e-m/fpv4-sp/hard/libg_nano.a(lib_a-signal.o)
                0x000000000001cab8                _raise_r
 .text.raise    0x000000000001cb08       0x10 /home/osboxes/SJSU-Dev2/tools/gcc-arm-none-eabi-7-2017-q4-major/bin/../lib/gcc/arm-none-eabi/7.2.1/../../../../arm-none-eabi/lib/thumb/v7e-m/fpv4-sp/hard/libg_nano.a(lib_a-signal.o)
                0x000000000001cb08                raise
 .text._kill_r  0x000000000001cb18       0x24 /home/osboxes/SJSU-Dev2/tools/gcc-arm-none-eabi-7-2017-q4-major/bin/../lib/gcc/arm-none-eabi/7.2.1/../../../../arm-none-eabi/lib/thumb/v7e-m/fpv4-sp/hard/libg_nano.a(lib_a-signalr.o)
                0x000000000001cb18                _kill_r
 .text._getpid_r
                0x000000000001cb3c        0x4 /home/osboxes/SJSU-Dev2/tools/gcc-arm-none-eabi-7-2017-q4-major/bin/../lib/gcc/arm-none-eabi/7.2.1/../../../../arm-none-eabi/lib/thumb/v7e-m/fpv4-sp/hard/libg_nano.a(lib_a-signalr.o)
                0x000000000001cb3c                _getpid_r
 .text.strcpy   0x000000000001cb40       0x10 /home/osboxes/SJSU-Dev2/tools/gcc-arm-none-eabi-7-2017-q4-major/bin/../lib/gcc/arm-none-eabi/7.2.1/../../../../arm-none-eabi/lib/thumb/v7e-m/fpv4-sp/hard/libg_nano.a(lib_a-strcpy.o)
                0x000000000001cb40                strcpy
 .text          0x000000000001cb50       0x10 /home/osboxes/SJSU-Dev2/tools/gcc-arm-none-eabi-7-2017-q4-major/bin/../lib/gcc/arm-none-eabi/7.2.1/../../../../arm-none-eabi/lib/thumb/v7e-m/fpv4-sp/hard/libg_nano.a(lib_a-strlen.o)
                0x000000000001cb50                strlen
 .text.__malloc_lock
                0x000000000001cb60        0x2 /home/osboxes/SJSU-Dev2/tools/gcc-arm-none-eabi-7-2017-q4-major/bin/../lib/gcc/arm-none-eabi/7.2.1/../../../../arm-none-eabi/lib/thumb/v7e-m/fpv4-sp/hard/libg_nano.a(lib_a-mlock.o)